// Jest Snapshot v1, https://goo.gl/fbAQLP

exports[`Application tests Application is rendered as expected 1`] = `
<div
  className="App"
>
  <header
    className="App-header"
  >
    <h1
      className="App-title"
    >
      Members of Parliament
    </h1>
    <p
      className="App-intro"
    >
      Back to project:
       
      <a
        className="link"
        href="https://github.com/globalroo/uk-mps"
      >
        uk-mps
      </a>
       
      - work in progress for memory game.
    </p>
  </header>
  <div
    className="ui space-around cards"
  >
    <div>
      Dr Dan Poulter MP
    </div>
    <div>
      Faisal Rashid MP
    </div>
    <div>
      Kate Green MP
    </div>
    <div>
      Chris Elmore MP
    </div>
    <div>
      Nigel Huddleston MP
    </div>
    <div>
      Rt Hon Michael Gove MP
    </div>
    <div>
      Bob Stewart MP
    </div>
    <div>
      Gordon Marsden MP
    </div>
    <div>
      Dr Sarah Wollaston MP
    </div>
    <div>
      Geraint Davies MP
    </div>
    <div>
      Joseph Johnson MP
    </div>
    <div>
      Mhairi Black MP
    </div>
    <div>
      Emma Dent Coad MP
    </div>
    <div>
      Mike Hill MP
    </div>
    <div>
      Dr Phillip Lee MP
    </div>
    <div>
      Mr Jim Cunningham MP
    </div>
    <div>
      Anna McMorrin MP
    </div>
    <div>
      Mr Ian Liddell-Grainger MP
    </div>
    <div>
      Kate Hoey MP
    </div>
    <div>
      Sir Mike  Penning MP
    </div>
    <div>
      Rt Hon Justine Greening MP
    </div>
    <div>
      Fabian Hamilton MP
    </div>
    <div>
      Nigel Mills MP
    </div>
    <div>
      Rt Hon Margaret Beckett MP
    </div>
    <div>
      Jo Churchill MP
    </div>
    <div>
      Heidi Alexander MP
    </div>
    <div>
      Rt Hon Sir Nicholas Soames MP
    </div>
    <div>
      David Linden MP
    </div>
    <div>
      George Freeman MP
    </div>
    <div>
      Mr Roger Godsiff MP
    </div>
    <div>
      Angela Crawley MP
    </div>
    <div>
      Charlie Elphicke MP
    </div>
    <div>
      John Glen MP
    </div>
    <div>
      Melanie Onn MP
    </div>
    <div>
      Rt Hon Sir Oliver Heald QC MP
    </div>
    <div>
      Maria Caulfield MP
    </div>
    <div>
      Harriett Baldwin MP
    </div>
    <div>
      Peter Dowd MP
    </div>
    <div>
      Emma Hardy MP
    </div>
    <div>
      Wera Hobhouse MP
    </div>
    <div>
      David Duguid MP
    </div>
    <div>
      Mr Ranil Jayawardena MP
    </div>
    <div>
      Robert Neill MP
    </div>
    <div>
      Sir Paul Beresford MP
    </div>
    <div>
      Rt Hon Edward Miliband MP
    </div>
    <div>
      Claire Perry MP
    </div>
    <div>
      Ben Bradley MP
    </div>
    <div>
      Tim Farron MP
    </div>
    <div>
      Rt Hon Sir Edward Davey MP
    </div>
    <div>
      Adam Holloway MP
    </div>
    <div>
      Damian Hinds MP
    </div>
    <div>
      Ian Murray MP
    </div>
    <div>
      Mr Graham Brady MP
    </div>
    <div>
      Jeremy Quin MP
    </div>
    <div>
      Seema Malhotra MP
    </div>
    <div>
      Alan Brown MP
    </div>
    <div>
      Liz Twist MP
    </div>
    <div>
      Conor Burns MP
    </div>
    <div>
      Peter Kyle MP
    </div>
    <div>
      Rt Hon Norman Lamb MP
    </div>
    <div>
      Rt Hon Diane Abbott MP
    </div>
    <div>
      Andrew Griffiths MP
    </div>
    <div>
      Dr Andrew Murrison MP
    </div>
    <div>
      Stephen Metcalfe MP
    </div>
    <div>
      Chris Philp MP
    </div>
    <div>
      Johnny Mercer MP
    </div>
    <div>
      Luciana Berger MP
    </div>
    <div>
      Barbara Keeley MP
    </div>
    <div>
      Steve Double MP
    </div>
    <div>
      John Mann MP
    </div>
    <div>
      Mr Kevan Jones MP
    </div>
    <div>
      Rt Hon Ben  Wallace MP
    </div>
    <div>
      Mark Pawsey MP
    </div>
    <div>
      Mrs Louise Ellman MP
    </div>
    <div>
      Rt Hon Owen Paterson MP
    </div>
    <div>
      Gordon Henderson MP
    </div>
    <div>
      Rt Hon Sir Michael Fallon MP
    </div>
    <div>
      Mohammad Yasin MP
    </div>
    <div>
      Rt Hon Mark Francois MP
    </div>
    <div>
      Paula Sherriff MP
    </div>
    <div>
      Paul Farrelly MP
    </div>
    <div>
      Chris Heaton-Harris MP
    </div>
    <div>
      Rt Hon Damian Green MP
    </div>
    <div>
      Mark Tami MP
    </div>
    <div>
      Mr Gary Streeter MP
    </div>
    <div>
      Rt Hon Greg Hands MP
    </div>
    <div>
      Paul Blomfield MP
    </div>
    <div>
      Jim McMahon MP
    </div>
    <div>
      Mary Robinson MP
    </div>
    <div>
      Stephen Gethins MP
    </div>
    <div>
      Chris Evans MP
    </div>
    <div>
      Mr Jacob Rees-Mogg MP
    </div>
    <div>
      Victoria Prentis MP
    </div>
    <div>
      George Hollingbery MP
    </div>
    <div>
      Ms Nadine Dorries MP
    </div>
    <div>
      Douglas Chapman MP
    </div>
    <div>
      Mike Wood MP
    </div>
    <div>
      Richard Burden MP
    </div>
    <div>
      Rt Hon Edward Vaizey MP
    </div>
    <div>
      Giles Watling MP
    </div>
    <div>
      Jake Berry MP
    </div>
    <div>
      Rt Hon John Healey MP
    </div>
    <div>
      Rt Hon Nigel Dodds MP
    </div>
    <div>
      Sir Henry Bellingham MP
    </div>
    <div>
      Rt Hon Anne Milton MP
    </div>
    <div>
      Rt Hon David Davis MP
    </div>
    <div>
      Rosie Cooper MP
    </div>
    <div>
      Alex Norris MP
    </div>
    <div>
      Fiona Bruce MP
    </div>
    <div>
      Rebecca Pow MP
    </div>
    <div>
      Mr Bernard Jenkin MP
    </div>
    <div>
      Rory Stewart MP
    </div>
    <div>
      Michelle Donelan MP
    </div>
    <div>
      Ms Marie Rimmer MP
    </div>
    <div>
      Rachel Maclean MP
    </div>
    <div>
      Kevin Brennan MP
    </div>
    <div>
      Luke Pollard MP
    </div>
    <div>
      Christian Matheson MP
    </div>
    <div>
      Gillian Keegan MP
    </div>
    <div>
      Paul Masterton MP
    </div>
    <div>
      Kerry McCarthy MP
    </div>
    <div>
      James Cleverly MP
    </div>
    <div>
      Jonathan Edwards MP
    </div>
    <div>
      Anneliese Dodds MP
    </div>
    <div>
      Rt Hon Brandon Lewis MP
    </div>
    <div>
      Rt Hon Dame Rosie Winterton MP
    </div>
    <div>
      Debbie Abrahams MP
    </div>
    <div>
      Mr Christopher Chope MP
    </div>
    <div>
      Justin Madders MP
    </div>
    <div>
      John Stevenson MP
    </div>
    <div>
      Helen Jones MP
    </div>
    <div>
      Rt Hon Stephen Crabb MP
    </div>
    <div>
      Kelvin Hopkins MP
    </div>
    <div>
      Derek Thomas MP
    </div>
    <div>
      Tulip Siddiq MP
    </div>
    <div>
      Mr Richard Bacon MP
    </div>
    <div>
      David Simpson MP
    </div>
    <div>
      Ellie Reeves MP
    </div>
    <div>
      Mr John Baron MP
    </div>
    <div>
      Clive Efford MP
    </div>
    <div>
      Jon Cruddas MP
    </div>
    <div>
      Mrs Pauline Latham MP
    </div>
    <div>
      Rt Hon David Lidington MP
    </div>
    <div>
      Jim Shannon MP
    </div>
    <div>
      Vernon Coaker MP
    </div>
    <div>
      Susan Elan Jones MP
    </div>
    <div>
      Simon Hoare MP
    </div>
    <div>
      Simon Hart MP
    </div>
    <div>
      Angela Rayner MP
    </div>
    <div>
      Graham Stringer MP
    </div>
    <div>
      Gareth Thomas MP
    </div>
    <div>
      Martin Whitfield MP
    </div>
    <div>
      Mr Mark Prisk MP
    </div>
    <div>
      Lilian Greenwood MP
    </div>
    <div>
      Mr Peter Bone MP
    </div>
    <div>
      Gareth Johnson MP
    </div>
    <div>
      Michael Fabricant MP
    </div>
    <div>
      Alok Sharma MP
    </div>
    <div>
      Kirsty Blackman MP
    </div>
    <div>
      Chris Davies MP
    </div>
    <div>
      Chris Skidmore MP
    </div>
    <div>
      Mims Davies MP
    </div>
    <div>
      Rebecca Long Bailey MP
    </div>
    <div>
      Mr Gavin Shuker MP
    </div>
    <div>
      Stephen Pound MP
    </div>
    <div>
      James Morris MP
    </div>
    <div>
      Michael Tomlinson MP
    </div>
    <div>
      Rt Hon Pat McFadden MP
    </div>
    <div>
      Stuart Andrew MP
    </div>
    <div>
      Kevin Hollinrake MP
    </div>
    <div>
      Sarah Newton MP
    </div>
    <div>
      Derek Twigg MP
    </div>
    <div>
      Andrew Jones MP
    </div>
    <div>
      Andrew Bridgen MP
    </div>
    <div>
      Lucy Allan MP
    </div>
    <div>
      Leo Docherty MP
    </div>
    <div>
      Luke Graham MP
    </div>
    <div>
      Rt Hon James Brokenshire MP
    </div>
    <div>
      Mr Dennis Skinner MP
    </div>
    <div>
      Chris Bryant MP
    </div>
    <div>
      Margaret Greenwood MP
    </div>
    <div>
      Peter Heaton-Jones MP
    </div>
    <div>
      Stephen Doughty MP
    </div>
    <div>
      Nadhim Zahawi MP
    </div>
    <div>
      Caroline Nokes MP
    </div>
    <div>
      Rt Hon Esther McVey MP
    </div>
    <div>
      Rt Hon John McDonnell MP
    </div>
    <div>
      Karin Smyth MP
    </div>
    <div>
      Gloria De Piero MP
    </div>
    <div>
      Tracy Brabin MP
    </div>
    <div>
      Rt Hon George Howarth MP
    </div>
    <div>
      Tony Lloyd MP
    </div>
    <div>
      Mr Clive Betts MP
    </div>
    <div>
      John Penrose MP
    </div>
    <div>
      Rt Hon Theresa May MP
    </div>
    <div>
      Julian Sturdy MP
    </div>
    <div>
      Rt Hon Keith Simpson MP
    </div>
    <div>
      Dr Paul Williams MP
    </div>
    <div>
      Rt Hon Matt Hancock MP
    </div>
    <div>
      Jenny Chapman MP
    </div>
    <div>
      Rt Hon Harriet Harman QC MP
    </div>
    <div>
      Andy Slaughter MP
    </div>
    <div>
      Siobhain McDonagh MP
    </div>
    <div>
      Gavin Robinson MP
    </div>
    <div>
      Jeremy Lefroy MP
    </div>
    <div>
      Rehman Chishti MP
    </div>
    <div>
      Mr Charles Walker MP
    </div>
    <div>
      Kit Malthouse MP
    </div>
    <div>
      Sammy Wilson MP
    </div>
    <div>
      James Cartlidge MP
    </div>
    <div>
      Guy Opperman MP
    </div>
    <div>
      Sue Hayman MP
    </div>
    <div>
      Rt Hon David Evennett MP
    </div>
    <div>
      Lloyd Russell-Moyle MP
    </div>
    <div>
      Andy McDonald MP
    </div>
    <div>
      Thangam Debbonaire MP
    </div>
    <div>
      Andrew Percy MP
    </div>
    <div>
      Steve McCabe MP
    </div>
    <div>
      Iain Stewart MP
    </div>
    <div>
      Justin Tomlinson MP
    </div>
    <div>
      Adam Afriyie MP
    </div>
    <div>
      Mr Steve Baker MP
    </div>
    <div>
      Rt Hon Sir Patrick McLoughlin MP
    </div>
    <div>
      Vicky Ford MP
    </div>
    <div>
      Laura Smith MP
    </div>
    <div>
      Jackie Doyle-Price MP
    </div>
    <div>
      Richard Drax MP
    </div>
    <div>
      Judith Cummins MP
    </div>
    <div>
      John Woodcock MP
    </div>
    <div>
      Mrs Eleanor Laing MP
    </div>
    <div>
      Rt Hon Dame Caroline Spelman MP
    </div>
    <div>
      Alex Sobel MP
    </div>
    <div>
      Trudy Harrison MP
    </div>
    <div>
      Neil O'Brien MP
    </div>
    <div>
      Danielle Rowley MP
    </div>
    <div>
      Caroline Lucas MP
    </div>
    <div>
      Lisa Nandy MP
    </div>
    <div>
      Diana Johnson MP
    </div>
    <div>
      Liz McInnes MP
    </div>
    <div>
      Heidi Allen MP
    </div>
    <div>
      George Eustice MP
    </div>
    <div>
      Michael Ellis MP
    </div>
    <div>
      Patricia Gibson MP
    </div>
    <div>
      Rushanara Ali MP
    </div>
    <div>
      James Frith MP
    </div>
    <div>
      Rt Hon Anna Soubry MP
    </div>
    <div>
      Rt Hon Alan Campbell MP
    </div>
    <div>
      Mr Marcus Jones MP
    </div>
    <div>
      Christine Jardine MP
    </div>
    <div>
      Jack Dromey MP
    </div>
    <div>
      Karl Turner MP
    </div>
    <div>
      Dr Rupa Huq MP
    </div>
    <div>
      Rt Hon Jeremy Corbyn MP
    </div>
    <div>
      Elisha McCallion MP
    </div>
    <div>
      Robert Buckland MP
    </div>
    <div>
      Emma Reynolds MP
    </div>
    <div>
      Dr Philippa Whitford MP
    </div>
    <div>
      Rt Hon Alistair Burt MP
    </div>
    <div>
      Andrew Gwynne MP
    </div>
    <div>
      Rt Hon John Spellar MP
    </div>
    <div>
      Mr Bob Seely MP
    </div>
    <div>
      Rt Hon Sir Jeffrey M. Donaldson MP
    </div>
    <div>
      Mary Glindon MP
    </div>
    <div>
      Stephen Morgan MP
    </div>
    <div>
      Colin Clark MP
    </div>
    <div>
      Rt Hon Karen Bradley MP
    </div>
    <div>
      Julia Lopez MP
    </div>
    <div>
      Mr Chris Leslie MP
    </div>
    <div>
      Mike Amesbury MP
    </div>
    <div>
      Alex Burghart MP
    </div>
    <div>
      Glyn Davies MP
    </div>
    <div>
      Preet Kaur Gill MP
    </div>
    <div>
      Victoria Atkins MP
    </div>
    <div>
      Rt Hon Sir Desmond Swayne MP
    </div>
    <div>
      Rt Hon Nick Herbert MP
    </div>
    <div>
      Jess Phillips MP
    </div>
    <div>
      David Morris MP
    </div>
    <div>
      John McNally MP
    </div>
    <div>
      Rt Hon Andrew Mitchell MP
    </div>
    <div>
      Angus Brendan MacNeil MP
    </div>
    <div>
      Luke Hall MP
    </div>
    <div>
      Mrs Emma Lewell-Buck MP
    </div>
    <div>
      Rt Hon Stephen Timms MP
    </div>
    <div>
      Nic Dakin MP
    </div>
    <div>
      Rt Hon David Hanson MP
    </div>
    <div>
      Mike Gapes MP
    </div>
    <div>
      Jack Lopresti MP
    </div>
    <div>
      Hywel Williams MP
    </div>
    <div>
      Eddie Hughes MP
    </div>
    <div>
      Rt Hon Penny Mordaunt MP
    </div>
    <div>
      Matt Western MP
    </div>
    <div>
      Mr Steve Reed MP
    </div>
    <div>
      Julie Cooper MP
    </div>
    <div>
      Rt Hon Maria Miller MP
    </div>
    <div>
      Tim Loughton MP
    </div>
    <div>
      Ann Coffey MP
    </div>
    <div>
      Huw Merriman MP
    </div>
    <div>
      Craig Tracey MP
    </div>
    <div>
      Helen Whately MP
    </div>
    <div>
      Caroline Dinenage MP
    </div>
    <div>
      Dr Roberta Blackman-Woods MP
    </div>
    <div>
      Ruth Smeeth MP
    </div>
    <div>
      Lucy Frazer MP
    </div>
    <div>
      Chris Law MP
    </div>
    <div>
      Amanda Milling MP
    </div>
    <div>
      Rt Hon Joan Ryan MP
    </div>
    <div>
      Rt Hon Tom Brake MP
    </div>
    <div>
      Jo Stevens MP
    </div>
    <div>
      Matthew Pennycook MP
    </div>
    <div>
      Mr Alister Jack MP
    </div>
    <div>
      Mr Mark Hendrick MP
    </div>
    <div>
      Chuka Umunna MP
    </div>
    <div>
      Dr Caroline Johnson MP
    </div>
    <div>
      Wes Streeting MP
    </div>
    <div>
      Rt Hon Dr Julian Lewis MP
    </div>
    <div>
      Andrea Jenkyns MP
    </div>
    <div>
      Rt Hon Kenneth Clarke QC MP
    </div>
    <div>
      Mr Jonathan Lord MP
    </div>
    <div>
      Ross Thomson MP
    </div>
    <div>
      Stephanie Peacock MP
    </div>
    <div>
      Rt Hon John Redwood MP
    </div>
    <div>
      Martin Docherty-Hughes MP
    </div>
    <div>
      Mr Shailesh Vara MP
    </div>
    <div>
      Alan Mak MP
    </div>
    <div>
      Sir Edward Leigh MP
    </div>
    <div>
      Jonathan Ashworth MP
    </div>
    <div>
      Rt Hon Andrea Leadsom MP
    </div>
    <div>
      Rt Hon Julian Smith MP
    </div>
    <div>
      Mrs Helen Grant MP
    </div>
    <div>
      Mark Menzies MP
    </div>
    <div>
      Owen Smith MP
    </div>
    <div>
      Chris Green MP
    </div>
    <div>
      Alison McGovern MP
    </div>
    <div>
      Rt Hon Alistair Carmichael MP
    </div>
    <div>
      Patrick Grady MP
    </div>
    <div>
      Mr Philip Hollobone MP
    </div>
    <div>
      Mr Virendra Sharma MP
    </div>
    <div>
      Christopher Pincher MP
    </div>
    <div>
      Andrew Bowie MP
    </div>
    <div>
      Rt Hon Yvette Cooper MP
    </div>
    <div>
      Ruth George MP
    </div>
    <div>
      Michelle Gildernew MP
    </div>
    <div>
      Dr Alan Whitehead MP
    </div>
    <div>
      Mr Gregory Campbell MP
    </div>
    <div>
      Mr Marcus Fysh MP
    </div>
    <div>
      Mr Sam Gyimah MP
    </div>
    <div>
      Julian Knight MP
    </div>
    <div>
      Tom Watson MP
    </div>
    <div>
      Jared O'Mara MP
    </div>
    <div>
      Chris Williamson MP
    </div>
    <div>
      Dan Jarvis MP
    </div>
    <div>
      Rt Hon Sir Oliver Letwin MP
    </div>
    <div>
      Drew Hendry MP
    </div>
    <div>
      Ruth Cadbury MP
    </div>
    <div>
      Henry Smith MP
    </div>
    <div>
      Stella Creasy MP
    </div>
    <div>
      Rt Hon David Mundell MP
    </div>
    <div>
      Rt Hon Frank Field MP
    </div>
    <div>
      Sir William Cash MP
    </div>
    <div>
      David Warburton MP
    </div>
    <div>
      Mr Ivan Lewis MP
    </div>
    <div>
      Rt Hon Sajid Javid MP
    </div>
    <div>
      John Grogan MP
    </div>
    <div>
      Mark Spencer MP
    </div>
    <div>
      Mr Barry Sheerman MP
    </div>
    <div>
      Lucy Powell MP
    </div>
    <div>
      Carol Monaghan MP
    </div>
    <div>
      Louise Haigh MP
    </div>
    <div>
      Mark Garnier MP
    </div>
    <div>
      Jo Platt MP
    </div>
    <div>
      Imran Hussain MP
    </div>
    <div>
      Martyn Day MP
    </div>
    <div>
      Dr Rosena Allin-Khan MP
    </div>
    <div>
      Ian Mearns MP
    </div>
    <div>
      John Lamont MP
    </div>
    <div>
      Kevin Foster MP
    </div>
    <div>
      Mr William Wragg MP
    </div>
    <div>
      Rt Hon Sir Alan Duncan MP
    </div>
    <div>
      Rt Hon Grant Shapps MP
    </div>
    <div>
      Rt Hon Ben Bradshaw MP
    </div>
    <div>
      Mr Adrian Bailey MP
    </div>
    <div>
      Mike Freer MP
    </div>
    <div>
      Vicky Foxcroft MP
    </div>
    <div>
      Mickey Brady MP
    </div>
    <div>
      Valerie Vaz MP
    </div>
    <div>
      Mr Stephen Hepburn MP
    </div>
    <div>
      Oliver Dowden MP
    </div>
    <div>
      Holly Lynch MP
    </div>
    <div>
      Peter Grant MP
    </div>
    <div>
      Rt Hon Robert Halfon MP
    </div>
    <div>
      Dan Carden MP
    </div>
    <div>
      Martin Vickers MP
    </div>
    <div>
      Rt Hon Gavin Williamson MP
    </div>
    <div>
      Royston Smith MP
    </div>
    <div>
      Kate Hollern MP
    </div>
    <div>
      Rt Hon Sir Hugo Swire MP
    </div>
    <div>
      Ian Lavery MP
    </div>
    <div>
      Ronnie Cowan MP
    </div>
    <div>
      Rt Hon Cheryl Gillan MP
    </div>
    <div>
      Crispin Blunt MP
    </div>
    <div>
      Stewart Hosie MP
    </div>
    <div>
      Liz Saville Roberts MP
    </div>
    <div>
      Alberto Costa MP
    </div>
    <div>
      Tracey Crouch MP
    </div>
    <div>
      Laura Pidcock MP
    </div>
    <div>
      Richard Burgon MP
    </div>
    <div>
      Stephen Lloyd MP
    </div>
    <div>
      Ged Killen MP
    </div>
    <div>
      Bim Afolami MP
    </div>
    <div>
      Nick Boles MP
    </div>
    <div>
      Sir Roger Gale MP
    </div>
    <div>
      Steve Brine MP
    </div>
    <div>
      Rt Hon Mel Stride MP
    </div>
    <div>
      Catherine McKinnell MP
    </div>
    <div>
      Rt Hon John Whittingdale MP
    </div>
    <div>
      Rt Hon Elizabeth Truss MP
    </div>
    <div>
      Lady Hermon MP
    </div>
    <div>
      Rt Hon Jeremy Wright QC MP
    </div>
    <div>
      David Rutley MP
    </div>
    <div>
      Robert Courts MP
    </div>
    <div>
      Meg Hillier MP
    </div>
    <div>
      Rt Hon Dr Liam Fox MP
    </div>
    <div>
      Neil Gray MP
    </div>
    <div>
      Jim Fitzpatrick MP
    </div>
    <div>
      Matt Rodda MP
    </div>
    <div>
      Rachael Maskell MP
    </div>
    <div>
      Catherine West MP
    </div>
    <div>
      Sarah Champion MP
    </div>
    <div>
      Rt Hon Keir Starmer MP
    </div>
    <div>
      Rt Hon Nicky Morgan MP
    </div>
    <div>
      Andrew Rosindell MP
    </div>
    <div>
      Damien Moore MP
    </div>
    <div>
      Sarah Jones MP
    </div>
    <div>
      Neil Coyle MP
    </div>
    <div>
      Mary Creagh MP
    </div>
    <div>
      Layla Moran MP
    </div>
    <div>
      Francie Molloy MP
    </div>
    <div>
      Tom Tugendhat MP
    </div>
    <div>
      Ms Nusrat Ghani MP
    </div>
    <div>
      Conor McGinn MP
    </div>
    <div>
      Douglas Ross MP
    </div>
    <div>
      Will Quince MP
    </div>
    <div>
      Helen Goodman MP
    </div>
    <div>
      Andrew Selous MP
    </div>
    <div>
      Rt Hon Richard Benyon MP
    </div>
    <div>
      Rt Hon Ann Clwyd MP
    </div>
    <div>
      Yvonne Fovargue MP
    </div>
    <div>
      Mr Geoffrey Cox QC MP
    </div>
    <div>
      Mrs Heather Wheeler MP
    </div>
    <div>
      Bill Wiggin MP
    </div>
    <div>
      Ben Lake MP
    </div>
    <div>
      Gerald Jones MP
    </div>
    <div>
      Angela Smith MP
    </div>
    <div>
      Alex Chalk MP
    </div>
    <div>
      Dr David Drew MP
    </div>
    <div>
      Paul Maynard MP
    </div>
    <div>
      Lyn Brown MP
    </div>
    <div>
      Paul Maskey MP
    </div>
    <div>
      Nia Griffith MP
    </div>
    <div>
      Rt Hon Boris Johnson MP
    </div>
    <div>
      Rt Hon Sir Kevin Barron MP
    </div>
    <div>
      Stephen Kerr MP
    </div>
    <div>
      Seema Kennedy MP
    </div>
    <div>
      Nigel Adams MP
    </div>
    <div>
      Rt Hon David Gauke MP
    </div>
    <div>
      Chris Hazzard MP
    </div>
    <div>
      Jamie Stone MP
    </div>
    <div>
      Craig Mackinlay MP
    </div>
    <div>
      Rishi Sunak MP
    </div>
    <div>
      Sir Robert Syms MP
    </div>
    <div>
      Deidre Brock MP
    </div>
    <div>
      Mr Philip Dunne MP
    </div>
    <div>
      Wendy Morton MP
    </div>
    <div>
      Ms Karen Buck MP
    </div>
    <div>
      Stephen Hammond MP
    </div>
    <div>
      Mrs Madeleine Moon MP
    </div>
    <div>
      James Heappey MP
    </div>
    <div>
      Colleen Fletcher MP
    </div>
    <div>
      Mark Lancaster MP
    </div>
    <div>
      Suella Fernandes MP
    </div>
    <div>
      Tonia Antoniazzi MP
    </div>
    <div>
      Rt Hon Greg Clark MP
    </div>
    <div>
      Mike Kane MP
    </div>
    <div>
      Alex Cunningham MP
    </div>
    <div>
      Gill Furniss MP
    </div>
    <div>
      Rt Hon Liam Byrne MP
    </div>
    <div>
      Mrs Anne-Marie Trevelyan MP
    </div>
    <div>
      James Gray MP
    </div>
    <div>
      Peter Aldous MP
    </div>
    <div>
      Bambos Charalambous MP
    </div>
    <div>
      Craig Whittaker MP
    </div>
    <div>
      Zac Goldsmith MP
    </div>
    <div>
      Mr Nigel Evans MP
    </div>
    <div>
      John Cryer MP
    </div>
    <div>
      Albert Owen MP
    </div>
    <div>
      Rt Hon Sir Vince Cable MP
    </div>
    <div>
      Sir David Amess MP
    </div>
    <div>
      Kelly Tolhurst MP
    </div>
    <div>
      Rachel Reeves MP
    </div>
    <div>
      Edward Argar MP
    </div>
    <div>
      Ms Karen Lee MP
    </div>
    <div>
      Ian C. Lucas MP
    </div>
    <div>
      Jessica Morden MP
    </div>
    <div>
      Sandy Martin MP
    </div>
    <div>
      Emma Little Pengelly MP
    </div>
    <div>
      Rt Hon Tobias Ellwood MP
    </div>
    <div>
      Sir Peter Bottomley MP
    </div>
    <div>
      Rt Hon Emily Thornberry MP
    </div>
    <div>
      Guto Bebb MP
    </div>
    <div>
      Jesse Norman MP
    </div>
    <div>
      Marion Fellows MP
    </div>
    <div>
      Mrs Sheryll Murray MP
    </div>
    <div>
      Dr Lisa Cameron MP
    </div>
    <div>
      Gavin Newlands MP
    </div>
    <div>
      Chris Stephens MP
    </div>
    <div>
      Kirstene Hair MP
    </div>
    <div>
      Bob Blackman MP
    </div>
    <div>
      Robert Jenrick MP
    </div>
    <div>
      Stephen Barclay MP
    </div>
    <div>
      Jack Brereton MP
    </div>
    <div>
      Brendan O'Hara MP
    </div>
    <div>
      Stuart C. McDonald MP
    </div>
    <div>
      Carolyn Harris MP
    </div>
    <div>
      Mr Nick Hurd MP
    </div>
    <div>
      Rt Hon Dame Margaret Hodge MP
    </div>
    <div>
      Rt Hon Chris Grayling MP
    </div>
    <div>
      Mark Pritchard MP
    </div>
    <div>
      Rt Hon Priti Patel MP
    </div>
    <div>
      Rt Hon Theresa Villiers MP
    </div>
    <div>
      Mr Ronnie Campbell MP
    </div>
    <div>
      Toby Perkins MP
    </div>
    <div>
      Lee Rowley MP
    </div>
    <div>
      Mr Geoffrey Robinson MP
    </div>
    <div>
      Bridget Phillipson MP
    </div>
    <div>
      David T. C. Davies MP
    </div>
    <div>
      Daniel Kawczynski MP
    </div>
    <div>
      Geoffrey Clifton-Brown MP
    </div>
    <div>
      Wayne David MP
    </div>
    <div>
      Stephen Twigg MP
    </div>
    <div>
      Mrs Kemi Badenoch MP
    </div>
    <div>
      Barry McElduff MP
    </div>
    <div>
      Jeff Smith MP
    </div>
    <div>
      Rt Hon Philip Hammond MP
    </div>
    <div>
      Rt Hon Mark Harper MP
    </div>
    <div>
      Alec Shelbrooke MP
    </div>
    <div>
      Rebecca Harris MP
    </div>
    <div>
      Rosie Duffield MP
    </div>
    <div>
      Mr Paul Sweeney MP
    </div>
    <div>
      Chi Onwurah MP
    </div>
    <div>
      Christina Rees MP
    </div>
    <div>
      Maggie Throup MP
    </div>
    <div>
      Dr Matthew Offord MP
    </div>
    <div>
      Hugh Gaffney MP
    </div>
    <div>
      Anne Marie Morris MP
    </div>
    <div>
      Daniel Zeichner MP
    </div>
    <div>
      Barry Gardiner MP
    </div>
    <div>
      Graham P Jones MP
    </div>
    <div>
      Mr Simon Clarke MP
    </div>
    <div>
      Cat Smith MP
    </div>
    <div>
      Rt Hon Nick Gibb MP
    </div>
    <div>
      Paul Scully MP
    </div>
    <div>
      Bill Esterson MP
    </div>
    <div>
      Rt Hon John Bercow MP
    </div>
    <div>
      Fiona Onasanya MP
    </div>
    <div>
      Helen Hayes MP
    </div>
    <div>
      Rt Hon Iain Duncan Smith MP
    </div>
    <div>
      Neil Parish MP
    </div>
    <div>
      Lesley Laird MP
    </div>
    <div>
      Rt Hon Hilary Benn MP
    </div>
    <div>
      Philip Davies MP
    </div>
    <div>
      Jo Swinson MP
    </div>
    <div>
      Mrs Sharon Hodgson MP
    </div>
    <div>
      Rt Hon Mark Field MP
    </div>
    <div>
      Naz Shah MP
    </div>
    <div>
      Rt Hon Nicholas Brown MP
    </div>
    <div>
      Phil Wilson MP
    </div>
    <div>
      Grahame Morris MP
    </div>
    <div>
      Rt Hon Amber Rudd MP
    </div>
    <div>
      David Tredinnick MP
    </div>
    <div>
      Ms Angela Eagle MP
    </div>
    <div>
      Kwasi Kwarteng MP
    </div>
    <div>
      Stephen McPartland MP
    </div>
    <div>
      Rt Hon Lindsay Hoyle MP
    </div>
    <div>
      John Howell MP
    </div>
    <div>
      Jon Trickett MP
    </div>
    <div>
      Stephen Kinnock MP
    </div>
    <div>
      Mr Robert Goodwill MP
    </div>
    <div>
      Alison Thewliss MP
    </div>
    <div>
      Rt Hon Dominic Grieve QC MP
    </div>
    <div>
      Sir David Crausby MP
    </div>
    <div>
      Mr Tanmanjeet Singh Dhesi MP
    </div>
    <div>
      Chloe Smith MP
    </div>
    <div>
      Liz Kendall MP
    </div>
    <div>
      Nick Thomas-Symonds MP
    </div>
    <div>
      Yasmin Qureshi MP
    </div>
    <div>
      James Duddridge MP
    </div>
    <div>
      Gareth Snell MP
    </div>
    <div>
      Eleanor Smith MP
    </div>
    <div>
      Andrew Lewer MP
    </div>
    <div>
      Rt Hon Ian Blackford MP
    </div>
    <div>
      Rt Hon Caroline Flint MP
    </div>
    <div>
      Pete Wishart MP
    </div>
    <div>
      Chris Ruane MP
    </div>
    <div>
      Graham Stuart MP
    </div>
    <div>
      Margot James MP
    </div>
    <div>
      Julie Elliott MP
    </div>
    <div>
      Shabana Mahmood MP
    </div>
    <div>
      Afzal Khan MP
    </div>
    <div>
      Dawn Butler MP
    </div>
    <div>
      Scott Mann MP
    </div>
    <div>
      Bill Grant MP
    </div>
    <div>
      Rt Hon Sir Greg Knight MP
    </div>
    <div>
      Damian Collins MP
    </div>
    <div>
      Darren Jones MP
    </div>
    <div>
      Clive Lewis MP
    </div>
    <div>
      Joanna Cherry QC MP
    </div>
    <div>
      Jonathan Reynolds MP
    </div>
    <div>
      Mr Khalid Mahmood MP
    </div>
    <div>
      Maria Eagle MP
    </div>
    <div>
      Rt Hon David Jones MP
    </div>
    <div>
      Dr Thérèse Coffey MP
    </div>
    <div>
      Mrs Anne Main MP
    </div>
    <div>
      Mr Laurence Robertson MP
    </div>
    <div>
      Rt Hon Jeremy Hunt MP
    </div>
    <div>
      Nick Smith MP
    </div>
    <div>
      Mr Robin Walker MP
    </div>
    <div>
      Andrew Stephenson MP
    </div>
    <div>
      Tommy Sheppard MP
    </div>
    <div>
      Rt Hon David Lammy MP
    </div>
    <div>
      Thelma Walker MP
    </div>
    <div>
      Anna Turley MP
    </div>
    <div>
      Hannah Bardell MP
    </div>
    <div>
      Ian Paisley MP
    </div>
    <div>
      Matt Warman MP
    </div>
    <div>
      Marsha De Cordova MP
    </div>
    <div>
      Ian Austin MP
    </div>
    <div>
      Stewart Malcolm McDonald MP
    </div>
    <div>
      Kate Osamor MP
    </div>
    <div>
      Rt Hon Keith Vaz MP
    </div>
    <div>
      Tom Pursglove MP
    </div>
    <div>
      Rt Hon John Hayes MP
    </div>
    <div>
      Teresa Pearce MP
    </div>
    <div>
      Richard Harrington MP
    </div>
    <div>
      Richard Graham MP
    </div>
    <div>
      Rt Hon Alun Cairns MP
    </div>
    <div>
      Antoinette Sandbach MP
    </div>
    <div>
      Paul Girvan MP
    </div>
    <div>
      Mr Jonathan Djanogly MP
    </div>
    <div>
      Dominic Raab MP
    </div>
    <div>
      Paul Flynn MP
    </div>
  </div>
</div>
`;
