// Jest Snapshot v1, https://goo.gl/fbAQLP

exports[`Application tests Application is rendered as expected 1`] = `
<div
  className="App"
>
  <header
    className="App-header"
  >
    <h1
      className="App-title"
    >
      Members of Parliament
    </h1>
    <p
      className="App-intro"
    >
      Back to project:
       
      <a
        className="link"
        href="https://github.com/globalroo/uk-mps"
      >
        uk-mps
      </a>
       
      - work in progress for memory game.
    </p>
  </header>
  <div
    className="mp-container"
  >
    <div
      className="mp-animation-enclosure"
    >
      <ul
        className="stack stack--krisna"
        id="stack_krisna"
      >
        <li
          className="stack__item"
        >
          <div>
            Dr Dan Poulter MP
          </div>
        </li>
        <li
          className="stack__item"
        >
          <div>
            Faisal Rashid MP
          </div>
        </li>
        <li
          className="stack__item"
        >
          <div>
            Kate Green MP
          </div>
        </li>
        <li
          className="stack__item"
        >
          <div>
            Chris Elmore MP
          </div>
        </li>
        <li
          className="stack__item"
        >
          <div>
            Nigel Huddleston MP
          </div>
        </li>
        <li
          className="stack__item"
        >
          <div>
            Rt Hon Michael Gove MP
          </div>
        </li>
        <li
          className="stack__item"
        >
          <div>
            Bob Stewart MP
          </div>
        </li>
        <li
          className="stack__item"
        >
          <div>
            Gordon Marsden MP
          </div>
        </li>
        <li
          className="stack__item"
        >
          <div>
            Dr Sarah Wollaston MP
          </div>
        </li>
        <li
          className="stack__item"
        >
          <div>
            Geraint Davies MP
          </div>
        </li>
        <li
          className="stack__item"
        >
          <div>
            Joseph Johnson MP
          </div>
        </li>
        <li
          className="stack__item"
        >
          <div>
            Mhairi Black MP
          </div>
        </li>
        <li
          className="stack__item"
        >
          <div>
            Emma Dent Coad MP
          </div>
        </li>
        <li
          className="stack__item"
        >
          <div>
            Mike Hill MP
          </div>
        </li>
        <li
          className="stack__item"
        >
          <div>
            Dr Phillip Lee MP
          </div>
        </li>
        <li
          className="stack__item"
        >
          <div>
            Mr Jim Cunningham MP
          </div>
        </li>
        <li
          className="stack__item"
        >
          <div>
            Anna McMorrin MP
          </div>
        </li>
        <li
          className="stack__item"
        >
          <div>
            Mr Ian Liddell-Grainger MP
          </div>
        </li>
        <li
          className="stack__item"
        >
          <div>
            Kate Hoey MP
          </div>
        </li>
        <li
          className="stack__item"
        >
          <div>
            Rt Hon Sir Mike  Penning MP
          </div>
        </li>
        <li
          className="stack__item"
        >
          <div>
            Rt Hon Justine Greening MP
          </div>
        </li>
        <li
          className="stack__item"
        >
          <div>
            Fabian Hamilton MP
          </div>
        </li>
        <li
          className="stack__item"
        >
          <div>
            Nigel Mills MP
          </div>
        </li>
        <li
          className="stack__item"
        >
          <div>
            Rt Hon Margaret Beckett MP
          </div>
        </li>
        <li
          className="stack__item"
        >
          <div>
            Jo Churchill MP
          </div>
        </li>
        <li
          className="stack__item"
        >
          <div>
            Heidi Alexander MP
          </div>
        </li>
        <li
          className="stack__item"
        >
          <div>
            Rt Hon Sir Nicholas Soames MP
          </div>
        </li>
        <li
          className="stack__item"
        >
          <div>
            David Linden MP
          </div>
        </li>
        <li
          className="stack__item"
        >
          <div>
            George Freeman MP
          </div>
        </li>
        <li
          className="stack__item"
        >
          <div>
            Mr Roger Godsiff MP
          </div>
        </li>
        <li
          className="stack__item"
        >
          <div>
            Angela Crawley MP
          </div>
        </li>
        <li
          className="stack__item"
        >
          <div>
            Charlie Elphicke MP
          </div>
        </li>
        <li
          className="stack__item"
        >
          <div>
            John Glen MP
          </div>
        </li>
        <li
          className="stack__item"
        >
          <div>
            Melanie Onn MP
          </div>
        </li>
        <li
          className="stack__item"
        >
          <div>
            Rt Hon Sir Oliver Heald QC MP
          </div>
        </li>
        <li
          className="stack__item"
        >
          <div>
            Maria Caulfield MP
          </div>
        </li>
        <li
          className="stack__item"
        >
          <div>
            Harriett Baldwin MP
          </div>
        </li>
        <li
          className="stack__item"
        >
          <div>
            Peter Dowd MP
          </div>
        </li>
        <li
          className="stack__item"
        >
          <div>
            Emma Hardy MP
          </div>
        </li>
        <li
          className="stack__item"
        >
          <div>
            Wera Hobhouse MP
          </div>
        </li>
        <li
          className="stack__item"
        >
          <div>
            David Duguid MP
          </div>
        </li>
        <li
          className="stack__item"
        >
          <div>
            Mr Ranil Jayawardena MP
          </div>
        </li>
        <li
          className="stack__item"
        >
          <div>
            Robert Neill MP
          </div>
        </li>
        <li
          className="stack__item"
        >
          <div>
            Sir Paul Beresford MP
          </div>
        </li>
        <li
          className="stack__item"
        >
          <div>
            Rt Hon Edward Miliband MP
          </div>
        </li>
        <li
          className="stack__item"
        >
          <div>
            Claire Perry MP
          </div>
        </li>
        <li
          className="stack__item"
        >
          <div>
            Ben Bradley MP
          </div>
        </li>
        <li
          className="stack__item"
        >
          <div>
            Tim Farron MP
          </div>
        </li>
        <li
          className="stack__item"
        >
          <div>
            Rt Hon Sir Edward Davey MP
          </div>
        </li>
        <li
          className="stack__item"
        >
          <div>
            Adam Holloway MP
          </div>
        </li>
        <li
          className="stack__item"
        >
          <div>
            Damian Hinds MP
          </div>
        </li>
        <li
          className="stack__item"
        >
          <div>
            Ian Murray MP
          </div>
        </li>
        <li
          className="stack__item"
        >
          <div>
            Mr Graham Brady MP
          </div>
        </li>
        <li
          className="stack__item"
        >
          <div>
            Jeremy Quin MP
          </div>
        </li>
        <li
          className="stack__item"
        >
          <div>
            Seema Malhotra MP
          </div>
        </li>
        <li
          className="stack__item"
        >
          <div>
            Alan Brown MP
          </div>
        </li>
        <li
          className="stack__item"
        >
          <div>
            Liz Twist MP
          </div>
        </li>
        <li
          className="stack__item"
        >
          <div>
            Conor Burns MP
          </div>
        </li>
        <li
          className="stack__item"
        >
          <div>
            Peter Kyle MP
          </div>
        </li>
        <li
          className="stack__item"
        >
          <div>
            Rt Hon Norman Lamb MP
          </div>
        </li>
        <li
          className="stack__item"
        >
          <div>
            Rt Hon Diane Abbott MP
          </div>
        </li>
        <li
          className="stack__item"
        >
          <div>
            Andrew Griffiths MP
          </div>
        </li>
        <li
          className="stack__item"
        >
          <div>
            Dr Andrew Murrison MP
          </div>
        </li>
        <li
          className="stack__item"
        >
          <div>
            Stephen Metcalfe MP
          </div>
        </li>
        <li
          className="stack__item"
        >
          <div>
            Chris Philp MP
          </div>
        </li>
        <li
          className="stack__item"
        >
          <div>
            Johnny Mercer MP
          </div>
        </li>
        <li
          className="stack__item"
        >
          <div>
            Luciana Berger MP
          </div>
        </li>
        <li
          className="stack__item"
        >
          <div>
            Barbara Keeley MP
          </div>
        </li>
        <li
          className="stack__item"
        >
          <div>
            Steve Double MP
          </div>
        </li>
        <li
          className="stack__item"
        >
          <div>
            John Mann MP
          </div>
        </li>
        <li
          className="stack__item"
        >
          <div>
            Mr Kevan Jones MP
          </div>
        </li>
        <li
          className="stack__item"
        >
          <div>
            Rt Hon Ben  Wallace MP
          </div>
        </li>
        <li
          className="stack__item"
        >
          <div>
            Mark Pawsey MP
          </div>
        </li>
        <li
          className="stack__item"
        >
          <div>
            Mrs Louise Ellman MP
          </div>
        </li>
        <li
          className="stack__item"
        >
          <div>
            Rt Hon Owen Paterson MP
          </div>
        </li>
        <li
          className="stack__item"
        >
          <div>
            Gordon Henderson MP
          </div>
        </li>
        <li
          className="stack__item"
        >
          <div>
            Rt Hon Sir Michael Fallon MP
          </div>
        </li>
        <li
          className="stack__item"
        >
          <div>
            Mohammad Yasin MP
          </div>
        </li>
        <li
          className="stack__item"
        >
          <div>
            Rt Hon Mark Francois MP
          </div>
        </li>
        <li
          className="stack__item"
        >
          <div>
            Paula Sherriff MP
          </div>
        </li>
        <li
          className="stack__item"
        >
          <div>
            Paul Farrelly MP
          </div>
        </li>
        <li
          className="stack__item"
        >
          <div>
            Chris Heaton-Harris MP
          </div>
        </li>
        <li
          className="stack__item"
        >
          <div>
            Rt Hon Damian Green MP
          </div>
        </li>
        <li
          className="stack__item"
        >
          <div>
            Mark Tami MP
          </div>
        </li>
        <li
          className="stack__item"
        >
          <div>
            Mr Gary Streeter MP
          </div>
        </li>
        <li
          className="stack__item"
        >
          <div>
            Rt Hon Greg Hands MP
          </div>
        </li>
        <li
          className="stack__item"
        >
          <div>
            Paul Blomfield MP
          </div>
        </li>
        <li
          className="stack__item"
        >
          <div>
            Jim McMahon MP
          </div>
        </li>
        <li
          className="stack__item"
        >
          <div>
            Mary Robinson MP
          </div>
        </li>
        <li
          className="stack__item"
        >
          <div>
            Stephen Gethins MP
          </div>
        </li>
        <li
          className="stack__item"
        >
          <div>
            Chris Evans MP
          </div>
        </li>
        <li
          className="stack__item"
        >
          <div>
            Mr Jacob Rees-Mogg MP
          </div>
        </li>
        <li
          className="stack__item"
        >
          <div>
            Victoria Prentis MP
          </div>
        </li>
        <li
          className="stack__item"
        >
          <div>
            George Hollingbery MP
          </div>
        </li>
        <li
          className="stack__item"
        >
          <div>
            Ms Nadine Dorries MP
          </div>
        </li>
        <li
          className="stack__item"
        >
          <div>
            Douglas Chapman MP
          </div>
        </li>
        <li
          className="stack__item"
        >
          <div>
            Mike Wood MP
          </div>
        </li>
        <li
          className="stack__item"
        >
          <div>
            Richard Burden MP
          </div>
        </li>
        <li
          className="stack__item"
        >
          <div>
            Rt Hon Edward Vaizey MP
          </div>
        </li>
        <li
          className="stack__item"
        >
          <div>
            Giles Watling MP
          </div>
        </li>
        <li
          className="stack__item"
        >
          <div>
            Jake Berry MP
          </div>
        </li>
        <li
          className="stack__item"
        >
          <div>
            Rt Hon John Healey MP
          </div>
        </li>
        <li
          className="stack__item"
        >
          <div>
            Rt Hon Nigel Dodds MP
          </div>
        </li>
        <li
          className="stack__item"
        >
          <div>
            Sir Henry Bellingham MP
          </div>
        </li>
        <li
          className="stack__item"
        >
          <div>
            Rt Hon Anne Milton MP
          </div>
        </li>
        <li
          className="stack__item"
        >
          <div>
            Rt Hon David Davis MP
          </div>
        </li>
        <li
          className="stack__item"
        >
          <div>
            Rosie Cooper MP
          </div>
        </li>
        <li
          className="stack__item"
        >
          <div>
            Alex Norris MP
          </div>
        </li>
        <li
          className="stack__item"
        >
          <div>
            Fiona Bruce MP
          </div>
        </li>
        <li
          className="stack__item"
        >
          <div>
            Rebecca Pow MP
          </div>
        </li>
        <li
          className="stack__item"
        >
          <div>
            Mr Bernard Jenkin MP
          </div>
        </li>
        <li
          className="stack__item"
        >
          <div>
            Rory Stewart MP
          </div>
        </li>
        <li
          className="stack__item"
        >
          <div>
            Michelle Donelan MP
          </div>
        </li>
        <li
          className="stack__item"
        >
          <div>
            Ms Marie Rimmer MP
          </div>
        </li>
        <li
          className="stack__item"
        >
          <div>
            Rachel Maclean MP
          </div>
        </li>
        <li
          className="stack__item"
        >
          <div>
            Kevin Brennan MP
          </div>
        </li>
        <li
          className="stack__item"
        >
          <div>
            Luke Pollard MP
          </div>
        </li>
        <li
          className="stack__item"
        >
          <div>
            Christian Matheson MP
          </div>
        </li>
        <li
          className="stack__item"
        >
          <div>
            Gillian Keegan MP
          </div>
        </li>
        <li
          className="stack__item"
        >
          <div>
            Paul Masterton MP
          </div>
        </li>
        <li
          className="stack__item"
        >
          <div>
            Kerry McCarthy MP
          </div>
        </li>
        <li
          className="stack__item"
        >
          <div>
            James Cleverly MP
          </div>
        </li>
        <li
          className="stack__item"
        >
          <div>
            Jonathan Edwards MP
          </div>
        </li>
        <li
          className="stack__item"
        >
          <div>
            Anneliese Dodds MP
          </div>
        </li>
        <li
          className="stack__item"
        >
          <div>
            Rt Hon Brandon Lewis MP
          </div>
        </li>
        <li
          className="stack__item"
        >
          <div>
            Rt Hon Dame Rosie Winterton MP
          </div>
        </li>
        <li
          className="stack__item"
        >
          <div>
            Debbie Abrahams MP
          </div>
        </li>
        <li
          className="stack__item"
        >
          <div>
            Mr Christopher Chope MP
          </div>
        </li>
        <li
          className="stack__item"
        >
          <div>
            Justin Madders MP
          </div>
        </li>
        <li
          className="stack__item"
        >
          <div>
            John Stevenson MP
          </div>
        </li>
        <li
          className="stack__item"
        >
          <div>
            Helen Jones MP
          </div>
        </li>
        <li
          className="stack__item"
        >
          <div>
            Rt Hon Stephen Crabb MP
          </div>
        </li>
        <li
          className="stack__item"
        >
          <div>
            Kelvin Hopkins MP
          </div>
        </li>
        <li
          className="stack__item"
        >
          <div>
            Derek Thomas MP
          </div>
        </li>
        <li
          className="stack__item"
        >
          <div>
            Tulip Siddiq MP
          </div>
        </li>
        <li
          className="stack__item"
        >
          <div>
            Mr Richard Bacon MP
          </div>
        </li>
        <li
          className="stack__item"
        >
          <div>
            David Simpson MP
          </div>
        </li>
        <li
          className="stack__item"
        >
          <div>
            Ellie Reeves MP
          </div>
        </li>
        <li
          className="stack__item"
        >
          <div>
            Mr John Baron MP
          </div>
        </li>
        <li
          className="stack__item"
        >
          <div>
            Clive Efford MP
          </div>
        </li>
        <li
          className="stack__item"
        >
          <div>
            Jon Cruddas MP
          </div>
        </li>
        <li
          className="stack__item"
        >
          <div>
            Mrs Pauline Latham MP
          </div>
        </li>
        <li
          className="stack__item"
        >
          <div>
            Rt Hon David Lidington MP
          </div>
        </li>
        <li
          className="stack__item"
        >
          <div>
            Jim Shannon MP
          </div>
        </li>
        <li
          className="stack__item"
        >
          <div>
            Vernon Coaker MP
          </div>
        </li>
        <li
          className="stack__item"
        >
          <div>
            Susan Elan Jones MP
          </div>
        </li>
        <li
          className="stack__item"
        >
          <div>
            Simon Hoare MP
          </div>
        </li>
        <li
          className="stack__item"
        >
          <div>
            Simon Hart MP
          </div>
        </li>
        <li
          className="stack__item"
        >
          <div>
            Angela Rayner MP
          </div>
        </li>
        <li
          className="stack__item"
        >
          <div>
            Graham Stringer MP
          </div>
        </li>
        <li
          className="stack__item"
        >
          <div>
            Gareth Thomas MP
          </div>
        </li>
        <li
          className="stack__item"
        >
          <div>
            Martin Whitfield MP
          </div>
        </li>
        <li
          className="stack__item"
        >
          <div>
            Mr Mark Prisk MP
          </div>
        </li>
        <li
          className="stack__item"
        >
          <div>
            Lilian Greenwood MP
          </div>
        </li>
        <li
          className="stack__item"
        >
          <div>
            Mr Peter Bone MP
          </div>
        </li>
        <li
          className="stack__item"
        >
          <div>
            Gareth Johnson MP
          </div>
        </li>
        <li
          className="stack__item"
        >
          <div>
            Michael Fabricant MP
          </div>
        </li>
        <li
          className="stack__item"
        >
          <div>
            Alok Sharma MP
          </div>
        </li>
        <li
          className="stack__item"
        >
          <div>
            Kirsty Blackman MP
          </div>
        </li>
        <li
          className="stack__item"
        >
          <div>
            Chris Davies MP
          </div>
        </li>
        <li
          className="stack__item"
        >
          <div>
            Chris Skidmore MP
          </div>
        </li>
        <li
          className="stack__item"
        >
          <div>
            Mims Davies MP
          </div>
        </li>
        <li
          className="stack__item"
        >
          <div>
            Rebecca Long Bailey MP
          </div>
        </li>
        <li
          className="stack__item"
        >
          <div>
            Mr Gavin Shuker MP
          </div>
        </li>
        <li
          className="stack__item"
        >
          <div>
            Stephen Pound MP
          </div>
        </li>
        <li
          className="stack__item"
        >
          <div>
            James Morris MP
          </div>
        </li>
        <li
          className="stack__item"
        >
          <div>
            Michael Tomlinson MP
          </div>
        </li>
        <li
          className="stack__item"
        >
          <div>
            Rt Hon Pat McFadden MP
          </div>
        </li>
        <li
          className="stack__item"
        >
          <div>
            Stuart Andrew MP
          </div>
        </li>
        <li
          className="stack__item"
        >
          <div>
            Kevin Hollinrake MP
          </div>
        </li>
        <li
          className="stack__item"
        >
          <div>
            Sarah Newton MP
          </div>
        </li>
        <li
          className="stack__item"
        >
          <div>
            Derek Twigg MP
          </div>
        </li>
        <li
          className="stack__item"
        >
          <div>
            Andrew Jones MP
          </div>
        </li>
        <li
          className="stack__item"
        >
          <div>
            Andrew Bridgen MP
          </div>
        </li>
        <li
          className="stack__item"
        >
          <div>
            Lucy Allan MP
          </div>
        </li>
        <li
          className="stack__item"
        >
          <div>
            Leo Docherty MP
          </div>
        </li>
        <li
          className="stack__item"
        >
          <div>
            Luke Graham MP
          </div>
        </li>
        <li
          className="stack__item"
        >
          <div>
            Rt Hon James Brokenshire MP
          </div>
        </li>
        <li
          className="stack__item"
        >
          <div>
            Mr Dennis Skinner MP
          </div>
        </li>
        <li
          className="stack__item"
        >
          <div>
            Chris Bryant MP
          </div>
        </li>
        <li
          className="stack__item"
        >
          <div>
            Margaret Greenwood MP
          </div>
        </li>
        <li
          className="stack__item"
        >
          <div>
            Peter Heaton-Jones MP
          </div>
        </li>
        <li
          className="stack__item"
        >
          <div>
            Stephen Doughty MP
          </div>
        </li>
        <li
          className="stack__item"
        >
          <div>
            Nadhim Zahawi MP
          </div>
        </li>
        <li
          className="stack__item"
        >
          <div>
            Caroline Nokes MP
          </div>
        </li>
        <li
          className="stack__item"
        >
          <div>
            Rt Hon Esther McVey MP
          </div>
        </li>
        <li
          className="stack__item"
        >
          <div>
            Rt Hon John McDonnell MP
          </div>
        </li>
        <li
          className="stack__item"
        >
          <div>
            Karin Smyth MP
          </div>
        </li>
        <li
          className="stack__item"
        >
          <div>
            Gloria De Piero MP
          </div>
        </li>
        <li
          className="stack__item"
        >
          <div>
            Tracy Brabin MP
          </div>
        </li>
        <li
          className="stack__item"
        >
          <div>
            Rt Hon George Howarth MP
          </div>
        </li>
        <li
          className="stack__item"
        >
          <div>
            Tony Lloyd MP
          </div>
        </li>
        <li
          className="stack__item"
        >
          <div>
            Mr Clive Betts MP
          </div>
        </li>
        <li
          className="stack__item"
        >
          <div>
            John Penrose MP
          </div>
        </li>
        <li
          className="stack__item"
        >
          <div>
            Rt Hon Theresa May MP
          </div>
        </li>
        <li
          className="stack__item"
        >
          <div>
            Julian Sturdy MP
          </div>
        </li>
        <li
          className="stack__item"
        >
          <div>
            Rt Hon Keith Simpson MP
          </div>
        </li>
        <li
          className="stack__item"
        >
          <div>
            Dr Paul Williams MP
          </div>
        </li>
        <li
          className="stack__item"
        >
          <div>
            Rt Hon Matt Hancock MP
          </div>
        </li>
        <li
          className="stack__item"
        >
          <div>
            Jenny Chapman MP
          </div>
        </li>
        <li
          className="stack__item"
        >
          <div>
            Rt Hon Harriet Harman QC MP
          </div>
        </li>
        <li
          className="stack__item"
        >
          <div>
            Andy Slaughter MP
          </div>
        </li>
        <li
          className="stack__item"
        >
          <div>
            Siobhain McDonagh MP
          </div>
        </li>
        <li
          className="stack__item"
        >
          <div>
            Gavin Robinson MP
          </div>
        </li>
        <li
          className="stack__item"
        >
          <div>
            Jeremy Lefroy MP
          </div>
        </li>
        <li
          className="stack__item"
        >
          <div>
            Rehman Chishti MP
          </div>
        </li>
        <li
          className="stack__item"
        >
          <div>
            Mr Charles Walker MP
          </div>
        </li>
        <li
          className="stack__item"
        >
          <div>
            Kit Malthouse MP
          </div>
        </li>
        <li
          className="stack__item"
        >
          <div>
            Sammy Wilson MP
          </div>
        </li>
        <li
          className="stack__item"
        >
          <div>
            James Cartlidge MP
          </div>
        </li>
        <li
          className="stack__item"
        >
          <div>
            Guy Opperman MP
          </div>
        </li>
        <li
          className="stack__item"
        >
          <div>
            Sue Hayman MP
          </div>
        </li>
        <li
          className="stack__item"
        >
          <div>
            Rt Hon David Evennett MP
          </div>
        </li>
        <li
          className="stack__item"
        >
          <div>
            Lloyd Russell-Moyle MP
          </div>
        </li>
        <li
          className="stack__item"
        >
          <div>
            Andy McDonald MP
          </div>
        </li>
        <li
          className="stack__item"
        >
          <div>
            Thangam Debbonaire MP
          </div>
        </li>
        <li
          className="stack__item"
        >
          <div>
            Andrew Percy MP
          </div>
        </li>
        <li
          className="stack__item"
        >
          <div>
            Steve McCabe MP
          </div>
        </li>
        <li
          className="stack__item"
        >
          <div>
            Iain Stewart MP
          </div>
        </li>
        <li
          className="stack__item"
        >
          <div>
            Justin Tomlinson MP
          </div>
        </li>
        <li
          className="stack__item"
        >
          <div>
            Adam Afriyie MP
          </div>
        </li>
        <li
          className="stack__item"
        >
          <div>
            Mr Steve Baker MP
          </div>
        </li>
        <li
          className="stack__item"
        >
          <div>
            Rt Hon Sir Patrick McLoughlin MP
          </div>
        </li>
        <li
          className="stack__item"
        >
          <div>
            Vicky Ford MP
          </div>
        </li>
        <li
          className="stack__item"
        >
          <div>
            Laura Smith MP
          </div>
        </li>
        <li
          className="stack__item"
        >
          <div>
            Jackie Doyle-Price MP
          </div>
        </li>
        <li
          className="stack__item"
        >
          <div>
            Richard Drax MP
          </div>
        </li>
        <li
          className="stack__item"
        >
          <div>
            Judith Cummins MP
          </div>
        </li>
        <li
          className="stack__item"
        >
          <div>
            John Woodcock MP
          </div>
        </li>
        <li
          className="stack__item"
        >
          <div>
            Mrs Eleanor Laing MP
          </div>
        </li>
        <li
          className="stack__item"
        >
          <div>
            Rt Hon Dame Caroline Spelman MP
          </div>
        </li>
        <li
          className="stack__item"
        >
          <div>
            Alex Sobel MP
          </div>
        </li>
        <li
          className="stack__item"
        >
          <div>
            Trudy Harrison MP
          </div>
        </li>
        <li
          className="stack__item"
        >
          <div>
            Neil O'Brien MP
          </div>
        </li>
        <li
          className="stack__item"
        >
          <div>
            Danielle Rowley MP
          </div>
        </li>
        <li
          className="stack__item"
        >
          <div>
            Caroline Lucas MP
          </div>
        </li>
        <li
          className="stack__item"
        >
          <div>
            Lisa Nandy MP
          </div>
        </li>
        <li
          className="stack__item"
        >
          <div>
            Diana Johnson MP
          </div>
        </li>
        <li
          className="stack__item"
        >
          <div>
            Liz McInnes MP
          </div>
        </li>
        <li
          className="stack__item"
        >
          <div>
            Heidi Allen MP
          </div>
        </li>
        <li
          className="stack__item"
        >
          <div>
            George Eustice MP
          </div>
        </li>
        <li
          className="stack__item"
        >
          <div>
            Michael Ellis MP
          </div>
        </li>
        <li
          className="stack__item"
        >
          <div>
            Patricia Gibson MP
          </div>
        </li>
        <li
          className="stack__item"
        >
          <div>
            Rushanara Ali MP
          </div>
        </li>
        <li
          className="stack__item"
        >
          <div>
            James Frith MP
          </div>
        </li>
        <li
          className="stack__item"
        >
          <div>
            Rt Hon Anna Soubry MP
          </div>
        </li>
        <li
          className="stack__item"
        >
          <div>
            Rt Hon Alan Campbell MP
          </div>
        </li>
        <li
          className="stack__item"
        >
          <div>
            Mr Marcus Jones MP
          </div>
        </li>
        <li
          className="stack__item"
        >
          <div>
            Christine Jardine MP
          </div>
        </li>
        <li
          className="stack__item"
        >
          <div>
            Jack Dromey MP
          </div>
        </li>
        <li
          className="stack__item"
        >
          <div>
            Karl Turner MP
          </div>
        </li>
        <li
          className="stack__item"
        >
          <div>
            Dr Rupa Huq MP
          </div>
        </li>
        <li
          className="stack__item"
        >
          <div>
            Rt Hon Jeremy Corbyn MP
          </div>
        </li>
        <li
          className="stack__item"
        >
          <div>
            Elisha McCallion MP
          </div>
        </li>
        <li
          className="stack__item"
        >
          <div>
            Robert Buckland MP
          </div>
        </li>
        <li
          className="stack__item"
        >
          <div>
            Emma Reynolds MP
          </div>
        </li>
        <li
          className="stack__item"
        >
          <div>
            Dr Philippa Whitford MP
          </div>
        </li>
        <li
          className="stack__item"
        >
          <div>
            Rt Hon Alistair Burt MP
          </div>
        </li>
        <li
          className="stack__item"
        >
          <div>
            Andrew Gwynne MP
          </div>
        </li>
        <li
          className="stack__item"
        >
          <div>
            Rt Hon John Spellar MP
          </div>
        </li>
        <li
          className="stack__item"
        >
          <div>
            Mr Bob Seely MP
          </div>
        </li>
        <li
          className="stack__item"
        >
          <div>
            Rt Hon Sir Jeffrey M. Donaldson MP
          </div>
        </li>
        <li
          className="stack__item"
        >
          <div>
            Mary Glindon MP
          </div>
        </li>
        <li
          className="stack__item"
        >
          <div>
            Stephen Morgan MP
          </div>
        </li>
        <li
          className="stack__item"
        >
          <div>
            Colin Clark MP
          </div>
        </li>
        <li
          className="stack__item"
        >
          <div>
            Rt Hon Karen Bradley MP
          </div>
        </li>
        <li
          className="stack__item"
        >
          <div>
            Julia Lopez MP
          </div>
        </li>
        <li
          className="stack__item"
        >
          <div>
            Mr Chris Leslie MP
          </div>
        </li>
        <li
          className="stack__item"
        >
          <div>
            Mike Amesbury MP
          </div>
        </li>
        <li
          className="stack__item"
        >
          <div>
            Alex Burghart MP
          </div>
        </li>
        <li
          className="stack__item"
        >
          <div>
            Glyn Davies MP
          </div>
        </li>
        <li
          className="stack__item"
        >
          <div>
            Preet Kaur Gill MP
          </div>
        </li>
        <li
          className="stack__item"
        >
          <div>
            Victoria Atkins MP
          </div>
        </li>
        <li
          className="stack__item"
        >
          <div>
            Rt Hon Sir Desmond Swayne MP
          </div>
        </li>
        <li
          className="stack__item"
        >
          <div>
            Rt Hon Nick Herbert MP
          </div>
        </li>
        <li
          className="stack__item"
        >
          <div>
            Jess Phillips MP
          </div>
        </li>
        <li
          className="stack__item"
        >
          <div>
            David Morris MP
          </div>
        </li>
        <li
          className="stack__item"
        >
          <div>
            John McNally MP
          </div>
        </li>
        <li
          className="stack__item"
        >
          <div>
            Rt Hon Andrew Mitchell MP
          </div>
        </li>
        <li
          className="stack__item"
        >
          <div>
            Angus Brendan MacNeil MP
          </div>
        </li>
        <li
          className="stack__item"
        >
          <div>
            Luke Hall MP
          </div>
        </li>
        <li
          className="stack__item"
        >
          <div>
            Mrs Emma Lewell-Buck MP
          </div>
        </li>
        <li
          className="stack__item"
        >
          <div>
            Rt Hon Stephen Timms MP
          </div>
        </li>
        <li
          className="stack__item"
        >
          <div>
            Nic Dakin MP
          </div>
        </li>
        <li
          className="stack__item"
        >
          <div>
            Rt Hon David Hanson MP
          </div>
        </li>
        <li
          className="stack__item"
        >
          <div>
            Mike Gapes MP
          </div>
        </li>
        <li
          className="stack__item"
        >
          <div>
            Jack Lopresti MP
          </div>
        </li>
        <li
          className="stack__item"
        >
          <div>
            Hywel Williams MP
          </div>
        </li>
        <li
          className="stack__item"
        >
          <div>
            Eddie Hughes MP
          </div>
        </li>
        <li
          className="stack__item"
        >
          <div>
            Rt Hon Penny Mordaunt MP
          </div>
        </li>
        <li
          className="stack__item"
        >
          <div>
            Matt Western MP
          </div>
        </li>
        <li
          className="stack__item"
        >
          <div>
            Mr Steve Reed MP
          </div>
        </li>
        <li
          className="stack__item"
        >
          <div>
            Julie Cooper MP
          </div>
        </li>
        <li
          className="stack__item"
        >
          <div>
            Rt Hon Maria Miller MP
          </div>
        </li>
        <li
          className="stack__item"
        >
          <div>
            Tim Loughton MP
          </div>
        </li>
        <li
          className="stack__item"
        >
          <div>
            Ann Coffey MP
          </div>
        </li>
        <li
          className="stack__item"
        >
          <div>
            Huw Merriman MP
          </div>
        </li>
        <li
          className="stack__item"
        >
          <div>
            Craig Tracey MP
          </div>
        </li>
        <li
          className="stack__item"
        >
          <div>
            Helen Whately MP
          </div>
        </li>
        <li
          className="stack__item"
        >
          <div>
            Caroline Dinenage MP
          </div>
        </li>
        <li
          className="stack__item"
        >
          <div>
            Dr Roberta Blackman-Woods MP
          </div>
        </li>
        <li
          className="stack__item"
        >
          <div>
            Ruth Smeeth MP
          </div>
        </li>
        <li
          className="stack__item"
        >
          <div>
            Lucy Frazer MP
          </div>
        </li>
        <li
          className="stack__item"
        >
          <div>
            Chris Law MP
          </div>
        </li>
        <li
          className="stack__item"
        >
          <div>
            Amanda Milling MP
          </div>
        </li>
        <li
          className="stack__item"
        >
          <div>
            Rt Hon Joan Ryan MP
          </div>
        </li>
        <li
          className="stack__item"
        >
          <div>
            Rt Hon Tom Brake MP
          </div>
        </li>
        <li
          className="stack__item"
        >
          <div>
            Jo Stevens MP
          </div>
        </li>
        <li
          className="stack__item"
        >
          <div>
            Matthew Pennycook MP
          </div>
        </li>
        <li
          className="stack__item"
        >
          <div>
            Mr Alister Jack MP
          </div>
        </li>
        <li
          className="stack__item"
        >
          <div>
            Mr Mark Hendrick MP
          </div>
        </li>
        <li
          className="stack__item"
        >
          <div>
            Chuka Umunna MP
          </div>
        </li>
        <li
          className="stack__item"
        >
          <div>
            Dr Caroline Johnson MP
          </div>
        </li>
        <li
          className="stack__item"
        >
          <div>
            Wes Streeting MP
          </div>
        </li>
        <li
          className="stack__item"
        >
          <div>
            Rt Hon Dr Julian Lewis MP
          </div>
        </li>
        <li
          className="stack__item"
        >
          <div>
            Andrea Jenkyns MP
          </div>
        </li>
        <li
          className="stack__item"
        >
          <div>
            Rt Hon Kenneth Clarke QC MP
          </div>
        </li>
        <li
          className="stack__item"
        >
          <div>
            Mr Jonathan Lord MP
          </div>
        </li>
        <li
          className="stack__item"
        >
          <div>
            Ross Thomson MP
          </div>
        </li>
        <li
          className="stack__item"
        >
          <div>
            Stephanie Peacock MP
          </div>
        </li>
        <li
          className="stack__item"
        >
          <div>
            Rt Hon John Redwood MP
          </div>
        </li>
        <li
          className="stack__item"
        >
          <div>
            Martin Docherty-Hughes MP
          </div>
        </li>
        <li
          className="stack__item"
        >
          <div>
            Mr Shailesh Vara MP
          </div>
        </li>
        <li
          className="stack__item"
        >
          <div>
            Alan Mak MP
          </div>
        </li>
        <li
          className="stack__item"
        >
          <div>
            Sir Edward Leigh MP
          </div>
        </li>
        <li
          className="stack__item"
        >
          <div>
            Jonathan Ashworth MP
          </div>
        </li>
        <li
          className="stack__item"
        >
          <div>
            Rt Hon Andrea Leadsom MP
          </div>
        </li>
        <li
          className="stack__item"
        >
          <div>
            Rt Hon Julian Smith MP
          </div>
        </li>
        <li
          className="stack__item"
        >
          <div>
            Mrs Helen Grant MP
          </div>
        </li>
        <li
          className="stack__item"
        >
          <div>
            Mark Menzies MP
          </div>
        </li>
        <li
          className="stack__item"
        >
          <div>
            Owen Smith MP
          </div>
        </li>
        <li
          className="stack__item"
        >
          <div>
            Chris Green MP
          </div>
        </li>
        <li
          className="stack__item"
        >
          <div>
            Alison McGovern MP
          </div>
        </li>
        <li
          className="stack__item"
        >
          <div>
            Rt Hon Alistair Carmichael MP
          </div>
        </li>
        <li
          className="stack__item"
        >
          <div>
            Patrick Grady MP
          </div>
        </li>
        <li
          className="stack__item"
        >
          <div>
            Mr Philip Hollobone MP
          </div>
        </li>
        <li
          className="stack__item"
        >
          <div>
            Mr Virendra Sharma MP
          </div>
        </li>
        <li
          className="stack__item"
        >
          <div>
            Christopher Pincher MP
          </div>
        </li>
        <li
          className="stack__item"
        >
          <div>
            Andrew Bowie MP
          </div>
        </li>
        <li
          className="stack__item"
        >
          <div>
            Rt Hon Yvette Cooper MP
          </div>
        </li>
        <li
          className="stack__item"
        >
          <div>
            Ruth George MP
          </div>
        </li>
        <li
          className="stack__item"
        >
          <div>
            Michelle Gildernew MP
          </div>
        </li>
        <li
          className="stack__item"
        >
          <div>
            Dr Alan Whitehead MP
          </div>
        </li>
        <li
          className="stack__item"
        >
          <div>
            Mr Gregory Campbell MP
          </div>
        </li>
        <li
          className="stack__item"
        >
          <div>
            Mr Marcus Fysh MP
          </div>
        </li>
        <li
          className="stack__item"
        >
          <div>
            Mr Sam Gyimah MP
          </div>
        </li>
        <li
          className="stack__item"
        >
          <div>
            Julian Knight MP
          </div>
        </li>
        <li
          className="stack__item"
        >
          <div>
            Tom Watson MP
          </div>
        </li>
        <li
          className="stack__item"
        >
          <div>
            Jared O'Mara MP
          </div>
        </li>
        <li
          className="stack__item"
        >
          <div>
            Chris Williamson MP
          </div>
        </li>
        <li
          className="stack__item"
        >
          <div>
            Dan Jarvis MP
          </div>
        </li>
        <li
          className="stack__item"
        >
          <div>
            Rt Hon Sir Oliver Letwin MP
          </div>
        </li>
        <li
          className="stack__item"
        >
          <div>
            Drew Hendry MP
          </div>
        </li>
        <li
          className="stack__item"
        >
          <div>
            Ruth Cadbury MP
          </div>
        </li>
        <li
          className="stack__item"
        >
          <div>
            Henry Smith MP
          </div>
        </li>
        <li
          className="stack__item"
        >
          <div>
            Stella Creasy MP
          </div>
        </li>
        <li
          className="stack__item"
        >
          <div>
            Rt Hon David Mundell MP
          </div>
        </li>
        <li
          className="stack__item"
        >
          <div>
            Rt Hon Frank Field MP
          </div>
        </li>
        <li
          className="stack__item"
        >
          <div>
            Sir William Cash MP
          </div>
        </li>
        <li
          className="stack__item"
        >
          <div>
            David Warburton MP
          </div>
        </li>
        <li
          className="stack__item"
        >
          <div>
            Mr Ivan Lewis MP
          </div>
        </li>
        <li
          className="stack__item"
        >
          <div>
            Rt Hon Sajid Javid MP
          </div>
        </li>
        <li
          className="stack__item"
        >
          <div>
            John Grogan MP
          </div>
        </li>
        <li
          className="stack__item"
        >
          <div>
            Mark Spencer MP
          </div>
        </li>
        <li
          className="stack__item"
        >
          <div>
            Mr Barry Sheerman MP
          </div>
        </li>
        <li
          className="stack__item"
        >
          <div>
            Lucy Powell MP
          </div>
        </li>
        <li
          className="stack__item"
        >
          <div>
            Carol Monaghan MP
          </div>
        </li>
        <li
          className="stack__item"
        >
          <div>
            Louise Haigh MP
          </div>
        </li>
        <li
          className="stack__item"
        >
          <div>
            Mark Garnier MP
          </div>
        </li>
        <li
          className="stack__item"
        >
          <div>
            Jo Platt MP
          </div>
        </li>
        <li
          className="stack__item"
        >
          <div>
            Imran Hussain MP
          </div>
        </li>
        <li
          className="stack__item"
        >
          <div>
            Martyn Day MP
          </div>
        </li>
        <li
          className="stack__item"
        >
          <div>
            Dr Rosena Allin-Khan MP
          </div>
        </li>
        <li
          className="stack__item"
        >
          <div>
            Ian Mearns MP
          </div>
        </li>
        <li
          className="stack__item"
        >
          <div>
            John Lamont MP
          </div>
        </li>
        <li
          className="stack__item"
        >
          <div>
            Kevin Foster MP
          </div>
        </li>
        <li
          className="stack__item"
        >
          <div>
            Mr William Wragg MP
          </div>
        </li>
        <li
          className="stack__item"
        >
          <div>
            Rt Hon Sir Alan Duncan MP
          </div>
        </li>
        <li
          className="stack__item"
        >
          <div>
            Rt Hon Grant Shapps MP
          </div>
        </li>
        <li
          className="stack__item"
        >
          <div>
            Rt Hon Ben Bradshaw MP
          </div>
        </li>
        <li
          className="stack__item"
        >
          <div>
            Mr Adrian Bailey MP
          </div>
        </li>
        <li
          className="stack__item"
        >
          <div>
            Mike Freer MP
          </div>
        </li>
        <li
          className="stack__item"
        >
          <div>
            Vicky Foxcroft MP
          </div>
        </li>
        <li
          className="stack__item"
        >
          <div>
            Mickey Brady MP
          </div>
        </li>
        <li
          className="stack__item"
        >
          <div>
            Valerie Vaz MP
          </div>
        </li>
        <li
          className="stack__item"
        >
          <div>
            Mr Stephen Hepburn MP
          </div>
        </li>
        <li
          className="stack__item"
        >
          <div>
            Oliver Dowden MP
          </div>
        </li>
        <li
          className="stack__item"
        >
          <div>
            Holly Lynch MP
          </div>
        </li>
        <li
          className="stack__item"
        >
          <div>
            Peter Grant MP
          </div>
        </li>
        <li
          className="stack__item"
        >
          <div>
            Rt Hon Robert Halfon MP
          </div>
        </li>
        <li
          className="stack__item"
        >
          <div>
            Dan Carden MP
          </div>
        </li>
        <li
          className="stack__item"
        >
          <div>
            Martin Vickers MP
          </div>
        </li>
        <li
          className="stack__item"
        >
          <div>
            Rt Hon Gavin Williamson MP
          </div>
        </li>
        <li
          className="stack__item"
        >
          <div>
            Royston Smith MP
          </div>
        </li>
        <li
          className="stack__item"
        >
          <div>
            Kate Hollern MP
          </div>
        </li>
        <li
          className="stack__item"
        >
          <div>
            Rt Hon Sir Hugo Swire MP
          </div>
        </li>
        <li
          className="stack__item"
        >
          <div>
            Ian Lavery MP
          </div>
        </li>
        <li
          className="stack__item"
        >
          <div>
            Ronnie Cowan MP
          </div>
        </li>
        <li
          className="stack__item"
        >
          <div>
            Rt Hon Cheryl Gillan MP
          </div>
        </li>
        <li
          className="stack__item"
        >
          <div>
            Crispin Blunt MP
          </div>
        </li>
        <li
          className="stack__item"
        >
          <div>
            Stewart Hosie MP
          </div>
        </li>
        <li
          className="stack__item"
        >
          <div>
            Liz Saville Roberts MP
          </div>
        </li>
        <li
          className="stack__item"
        >
          <div>
            Alberto Costa MP
          </div>
        </li>
        <li
          className="stack__item"
        >
          <div>
            Tracey Crouch MP
          </div>
        </li>
        <li
          className="stack__item"
        >
          <div>
            Laura Pidcock MP
          </div>
        </li>
        <li
          className="stack__item"
        >
          <div>
            Richard Burgon MP
          </div>
        </li>
        <li
          className="stack__item"
        >
          <div>
            Stephen Lloyd MP
          </div>
        </li>
        <li
          className="stack__item"
        >
          <div>
            Ged Killen MP
          </div>
        </li>
        <li
          className="stack__item"
        >
          <div>
            Bim Afolami MP
          </div>
        </li>
        <li
          className="stack__item"
        >
          <div>
            Nick Boles MP
          </div>
        </li>
        <li
          className="stack__item"
        >
          <div>
            Sir Roger Gale MP
          </div>
        </li>
        <li
          className="stack__item"
        >
          <div>
            Steve Brine MP
          </div>
        </li>
        <li
          className="stack__item"
        >
          <div>
            Rt Hon Mel Stride MP
          </div>
        </li>
        <li
          className="stack__item"
        >
          <div>
            Catherine McKinnell MP
          </div>
        </li>
        <li
          className="stack__item"
        >
          <div>
            Rt Hon John Whittingdale MP
          </div>
        </li>
        <li
          className="stack__item"
        >
          <div>
            Rt Hon Elizabeth Truss MP
          </div>
        </li>
        <li
          className="stack__item"
        >
          <div>
            Lady Hermon MP
          </div>
        </li>
        <li
          className="stack__item"
        >
          <div>
            Rt Hon Jeremy Wright QC MP
          </div>
        </li>
        <li
          className="stack__item"
        >
          <div>
            David Rutley MP
          </div>
        </li>
        <li
          className="stack__item"
        >
          <div>
            Robert Courts MP
          </div>
        </li>
        <li
          className="stack__item"
        >
          <div>
            Meg Hillier MP
          </div>
        </li>
        <li
          className="stack__item"
        >
          <div>
            Rt Hon Dr Liam Fox MP
          </div>
        </li>
        <li
          className="stack__item"
        >
          <div>
            Neil Gray MP
          </div>
        </li>
        <li
          className="stack__item"
        >
          <div>
            Jim Fitzpatrick MP
          </div>
        </li>
        <li
          className="stack__item"
        >
          <div>
            Matt Rodda MP
          </div>
        </li>
        <li
          className="stack__item"
        >
          <div>
            Rachael Maskell MP
          </div>
        </li>
        <li
          className="stack__item"
        >
          <div>
            Catherine West MP
          </div>
        </li>
        <li
          className="stack__item"
        >
          <div>
            Sarah Champion MP
          </div>
        </li>
        <li
          className="stack__item"
        >
          <div>
            Rt Hon Keir Starmer MP
          </div>
        </li>
        <li
          className="stack__item"
        >
          <div>
            Rt Hon Nicky Morgan MP
          </div>
        </li>
        <li
          className="stack__item"
        >
          <div>
            Andrew Rosindell MP
          </div>
        </li>
        <li
          className="stack__item"
        >
          <div>
            Damien Moore MP
          </div>
        </li>
        <li
          className="stack__item"
        >
          <div>
            Sarah Jones MP
          </div>
        </li>
        <li
          className="stack__item"
        >
          <div>
            Neil Coyle MP
          </div>
        </li>
        <li
          className="stack__item"
        >
          <div>
            Mary Creagh MP
          </div>
        </li>
        <li
          className="stack__item"
        >
          <div>
            Layla Moran MP
          </div>
        </li>
        <li
          className="stack__item"
        >
          <div>
            Francie Molloy MP
          </div>
        </li>
        <li
          className="stack__item"
        >
          <div>
            Tom Tugendhat MP
          </div>
        </li>
        <li
          className="stack__item"
        >
          <div>
            Ms Nusrat Ghani MP
          </div>
        </li>
        <li
          className="stack__item"
        >
          <div>
            Conor McGinn MP
          </div>
        </li>
        <li
          className="stack__item"
        >
          <div>
            Douglas Ross MP
          </div>
        </li>
        <li
          className="stack__item"
        >
          <div>
            Will Quince MP
          </div>
        </li>
        <li
          className="stack__item"
        >
          <div>
            Helen Goodman MP
          </div>
        </li>
        <li
          className="stack__item"
        >
          <div>
            Andrew Selous MP
          </div>
        </li>
        <li
          className="stack__item"
        >
          <div>
            Rt Hon Richard Benyon MP
          </div>
        </li>
        <li
          className="stack__item"
        >
          <div>
            Rt Hon Ann Clwyd MP
          </div>
        </li>
        <li
          className="stack__item"
        >
          <div>
            Yvonne Fovargue MP
          </div>
        </li>
        <li
          className="stack__item"
        >
          <div>
            Mr Geoffrey Cox QC MP
          </div>
        </li>
        <li
          className="stack__item"
        >
          <div>
            Mrs Heather Wheeler MP
          </div>
        </li>
        <li
          className="stack__item"
        >
          <div>
            Bill Wiggin MP
          </div>
        </li>
        <li
          className="stack__item"
        >
          <div>
            Ben Lake MP
          </div>
        </li>
        <li
          className="stack__item"
        >
          <div>
            Gerald Jones MP
          </div>
        </li>
        <li
          className="stack__item"
        >
          <div>
            Angela Smith MP
          </div>
        </li>
        <li
          className="stack__item"
        >
          <div>
            Alex Chalk MP
          </div>
        </li>
        <li
          className="stack__item"
        >
          <div>
            Dr David Drew MP
          </div>
        </li>
        <li
          className="stack__item"
        >
          <div>
            Paul Maynard MP
          </div>
        </li>
        <li
          className="stack__item"
        >
          <div>
            Lyn Brown MP
          </div>
        </li>
        <li
          className="stack__item"
        >
          <div>
            Paul Maskey MP
          </div>
        </li>
        <li
          className="stack__item"
        >
          <div>
            Nia Griffith MP
          </div>
        </li>
        <li
          className="stack__item"
        >
          <div>
            Rt Hon Boris Johnson MP
          </div>
        </li>
        <li
          className="stack__item"
        >
          <div>
            Rt Hon Sir Kevin Barron MP
          </div>
        </li>
        <li
          className="stack__item"
        >
          <div>
            Stephen Kerr MP
          </div>
        </li>
        <li
          className="stack__item"
        >
          <div>
            Seema Kennedy MP
          </div>
        </li>
        <li
          className="stack__item"
        >
          <div>
            Nigel Adams MP
          </div>
        </li>
        <li
          className="stack__item"
        >
          <div>
            Rt Hon David Gauke MP
          </div>
        </li>
        <li
          className="stack__item"
        >
          <div>
            Chris Hazzard MP
          </div>
        </li>
        <li
          className="stack__item"
        >
          <div>
            Jamie Stone MP
          </div>
        </li>
        <li
          className="stack__item"
        >
          <div>
            Craig Mackinlay MP
          </div>
        </li>
        <li
          className="stack__item"
        >
          <div>
            Rishi Sunak MP
          </div>
        </li>
        <li
          className="stack__item"
        >
          <div>
            Sir Robert Syms MP
          </div>
        </li>
        <li
          className="stack__item"
        >
          <div>
            Deidre Brock MP
          </div>
        </li>
        <li
          className="stack__item"
        >
          <div>
            Mr Philip Dunne MP
          </div>
        </li>
        <li
          className="stack__item"
        >
          <div>
            Wendy Morton MP
          </div>
        </li>
        <li
          className="stack__item"
        >
          <div>
            Ms Karen Buck MP
          </div>
        </li>
        <li
          className="stack__item"
        >
          <div>
            Stephen Hammond MP
          </div>
        </li>
        <li
          className="stack__item"
        >
          <div>
            Mrs Madeleine Moon MP
          </div>
        </li>
        <li
          className="stack__item"
        >
          <div>
            James Heappey MP
          </div>
        </li>
        <li
          className="stack__item"
        >
          <div>
            Colleen Fletcher MP
          </div>
        </li>
        <li
          className="stack__item"
        >
          <div>
            Mark Lancaster MP
          </div>
        </li>
        <li
          className="stack__item"
        >
          <div>
            Suella Fernandes MP
          </div>
        </li>
        <li
          className="stack__item"
        >
          <div>
            Tonia Antoniazzi MP
          </div>
        </li>
        <li
          className="stack__item"
        >
          <div>
            Rt Hon Greg Clark MP
          </div>
        </li>
        <li
          className="stack__item"
        >
          <div>
            Mike Kane MP
          </div>
        </li>
        <li
          className="stack__item"
        >
          <div>
            Alex Cunningham MP
          </div>
        </li>
        <li
          className="stack__item"
        >
          <div>
            Gill Furniss MP
          </div>
        </li>
        <li
          className="stack__item"
        >
          <div>
            Rt Hon Liam Byrne MP
          </div>
        </li>
        <li
          className="stack__item"
        >
          <div>
            Mrs Anne-Marie Trevelyan MP
          </div>
        </li>
        <li
          className="stack__item"
        >
          <div>
            James Gray MP
          </div>
        </li>
        <li
          className="stack__item"
        >
          <div>
            Peter Aldous MP
          </div>
        </li>
        <li
          className="stack__item"
        >
          <div>
            Bambos Charalambous MP
          </div>
        </li>
        <li
          className="stack__item"
        >
          <div>
            Craig Whittaker MP
          </div>
        </li>
        <li
          className="stack__item"
        >
          <div>
            Zac Goldsmith MP
          </div>
        </li>
        <li
          className="stack__item"
        >
          <div>
            Mr Nigel Evans MP
          </div>
        </li>
        <li
          className="stack__item"
        >
          <div>
            John Cryer MP
          </div>
        </li>
        <li
          className="stack__item"
        >
          <div>
            Albert Owen MP
          </div>
        </li>
        <li
          className="stack__item"
        >
          <div>
            Rt Hon Sir Vince Cable MP
          </div>
        </li>
        <li
          className="stack__item"
        >
          <div>
            Sir David Amess MP
          </div>
        </li>
        <li
          className="stack__item"
        >
          <div>
            Kelly Tolhurst MP
          </div>
        </li>
        <li
          className="stack__item"
        >
          <div>
            Rachel Reeves MP
          </div>
        </li>
        <li
          className="stack__item"
        >
          <div>
            Edward Argar MP
          </div>
        </li>
        <li
          className="stack__item"
        >
          <div>
            Ms Karen Lee MP
          </div>
        </li>
        <li
          className="stack__item"
        >
          <div>
            Ian C. Lucas MP
          </div>
        </li>
        <li
          className="stack__item"
        >
          <div>
            Jessica Morden MP
          </div>
        </li>
        <li
          className="stack__item"
        >
          <div>
            Sandy Martin MP
          </div>
        </li>
        <li
          className="stack__item"
        >
          <div>
            Emma Little Pengelly MP
          </div>
        </li>
        <li
          className="stack__item"
        >
          <div>
            Rt Hon Tobias Ellwood MP
          </div>
        </li>
        <li
          className="stack__item"
        >
          <div>
            Sir Peter Bottomley MP
          </div>
        </li>
        <li
          className="stack__item"
        >
          <div>
            Rt Hon Emily Thornberry MP
          </div>
        </li>
        <li
          className="stack__item"
        >
          <div>
            Guto Bebb MP
          </div>
        </li>
        <li
          className="stack__item"
        >
          <div>
            Jesse Norman MP
          </div>
        </li>
        <li
          className="stack__item"
        >
          <div>
            Marion Fellows MP
          </div>
        </li>
        <li
          className="stack__item"
        >
          <div>
            Mrs Sheryll Murray MP
          </div>
        </li>
        <li
          className="stack__item"
        >
          <div>
            Dr Lisa Cameron MP
          </div>
        </li>
        <li
          className="stack__item"
        >
          <div>
            Gavin Newlands MP
          </div>
        </li>
        <li
          className="stack__item"
        >
          <div>
            Chris Stephens MP
          </div>
        </li>
        <li
          className="stack__item"
        >
          <div>
            Kirstene Hair MP
          </div>
        </li>
        <li
          className="stack__item"
        >
          <div>
            Bob Blackman MP
          </div>
        </li>
        <li
          className="stack__item"
        >
          <div>
            Robert Jenrick MP
          </div>
        </li>
        <li
          className="stack__item"
        >
          <div>
            Stephen Barclay MP
          </div>
        </li>
        <li
          className="stack__item"
        >
          <div>
            Jack Brereton MP
          </div>
        </li>
        <li
          className="stack__item"
        >
          <div>
            Brendan O'Hara MP
          </div>
        </li>
        <li
          className="stack__item"
        >
          <div>
            Stuart C. McDonald MP
          </div>
        </li>
        <li
          className="stack__item"
        >
          <div>
            Carolyn Harris MP
          </div>
        </li>
        <li
          className="stack__item"
        >
          <div>
            Mr Nick Hurd MP
          </div>
        </li>
        <li
          className="stack__item"
        >
          <div>
            Rt Hon Dame Margaret Hodge MP
          </div>
        </li>
        <li
          className="stack__item"
        >
          <div>
            Rt Hon Chris Grayling MP
          </div>
        </li>
        <li
          className="stack__item"
        >
          <div>
            Mark Pritchard MP
          </div>
        </li>
        <li
          className="stack__item"
        >
          <div>
            Rt Hon Priti Patel MP
          </div>
        </li>
        <li
          className="stack__item"
        >
          <div>
            Rt Hon Theresa Villiers MP
          </div>
        </li>
        <li
          className="stack__item"
        >
          <div>
            Mr Ronnie Campbell MP
          </div>
        </li>
        <li
          className="stack__item"
        >
          <div>
            Toby Perkins MP
          </div>
        </li>
        <li
          className="stack__item"
        >
          <div>
            Lee Rowley MP
          </div>
        </li>
        <li
          className="stack__item"
        >
          <div>
            Mr Geoffrey Robinson MP
          </div>
        </li>
        <li
          className="stack__item"
        >
          <div>
            Bridget Phillipson MP
          </div>
        </li>
        <li
          className="stack__item"
        >
          <div>
            David T. C. Davies MP
          </div>
        </li>
        <li
          className="stack__item"
        >
          <div>
            Daniel Kawczynski MP
          </div>
        </li>
        <li
          className="stack__item"
        >
          <div>
            Geoffrey Clifton-Brown MP
          </div>
        </li>
        <li
          className="stack__item"
        >
          <div>
            Wayne David MP
          </div>
        </li>
        <li
          className="stack__item"
        >
          <div>
            Stephen Twigg MP
          </div>
        </li>
        <li
          className="stack__item"
        >
          <div>
            Mrs Kemi Badenoch MP
          </div>
        </li>
        <li
          className="stack__item"
        >
          <div>
            Barry McElduff MP
          </div>
        </li>
        <li
          className="stack__item"
        >
          <div>
            Jeff Smith MP
          </div>
        </li>
        <li
          className="stack__item"
        >
          <div>
            Rt Hon Philip Hammond MP
          </div>
        </li>
        <li
          className="stack__item"
        >
          <div>
            Rt Hon Mark Harper MP
          </div>
        </li>
        <li
          className="stack__item"
        >
          <div>
            Alec Shelbrooke MP
          </div>
        </li>
        <li
          className="stack__item"
        >
          <div>
            Rebecca Harris MP
          </div>
        </li>
        <li
          className="stack__item"
        >
          <div>
            Rosie Duffield MP
          </div>
        </li>
        <li
          className="stack__item"
        >
          <div>
            Mr Paul Sweeney MP
          </div>
        </li>
        <li
          className="stack__item"
        >
          <div>
            Chi Onwurah MP
          </div>
        </li>
        <li
          className="stack__item"
        >
          <div>
            Christina Rees MP
          </div>
        </li>
        <li
          className="stack__item"
        >
          <div>
            Maggie Throup MP
          </div>
        </li>
        <li
          className="stack__item"
        >
          <div>
            Dr Matthew Offord MP
          </div>
        </li>
        <li
          className="stack__item"
        >
          <div>
            Hugh Gaffney MP
          </div>
        </li>
        <li
          className="stack__item"
        >
          <div>
            Anne Marie Morris MP
          </div>
        </li>
        <li
          className="stack__item"
        >
          <div>
            Daniel Zeichner MP
          </div>
        </li>
        <li
          className="stack__item"
        >
          <div>
            Barry Gardiner MP
          </div>
        </li>
        <li
          className="stack__item"
        >
          <div>
            Graham P Jones MP
          </div>
        </li>
        <li
          className="stack__item"
        >
          <div>
            Mr Simon Clarke MP
          </div>
        </li>
        <li
          className="stack__item"
        >
          <div>
            Cat Smith MP
          </div>
        </li>
        <li
          className="stack__item"
        >
          <div>
            Rt Hon Nick Gibb MP
          </div>
        </li>
        <li
          className="stack__item"
        >
          <div>
            Paul Scully MP
          </div>
        </li>
        <li
          className="stack__item"
        >
          <div>
            Bill Esterson MP
          </div>
        </li>
        <li
          className="stack__item"
        >
          <div>
            Rt Hon John Bercow MP
          </div>
        </li>
        <li
          className="stack__item"
        >
          <div>
            Fiona Onasanya MP
          </div>
        </li>
        <li
          className="stack__item"
        >
          <div>
            Helen Hayes MP
          </div>
        </li>
        <li
          className="stack__item"
        >
          <div>
            Rt Hon Iain Duncan Smith MP
          </div>
        </li>
        <li
          className="stack__item"
        >
          <div>
            Neil Parish MP
          </div>
        </li>
        <li
          className="stack__item"
        >
          <div>
            Lesley Laird MP
          </div>
        </li>
        <li
          className="stack__item"
        >
          <div>
            Rt Hon Hilary Benn MP
          </div>
        </li>
        <li
          className="stack__item"
        >
          <div>
            Philip Davies MP
          </div>
        </li>
        <li
          className="stack__item"
        >
          <div>
            Jo Swinson MP
          </div>
        </li>
        <li
          className="stack__item"
        >
          <div>
            Mrs Sharon Hodgson MP
          </div>
        </li>
        <li
          className="stack__item"
        >
          <div>
            Rt Hon Mark Field MP
          </div>
        </li>
        <li
          className="stack__item"
        >
          <div>
            Naz Shah MP
          </div>
        </li>
        <li
          className="stack__item"
        >
          <div>
            Rt Hon Nicholas Brown MP
          </div>
        </li>
        <li
          className="stack__item"
        >
          <div>
            Phil Wilson MP
          </div>
        </li>
        <li
          className="stack__item"
        >
          <div>
            Grahame Morris MP
          </div>
        </li>
        <li
          className="stack__item"
        >
          <div>
            Rt Hon Amber Rudd MP
          </div>
        </li>
        <li
          className="stack__item"
        >
          <div>
            David Tredinnick MP
          </div>
        </li>
        <li
          className="stack__item"
        >
          <div>
            Ms Angela Eagle MP
          </div>
        </li>
        <li
          className="stack__item"
        >
          <div>
            Kwasi Kwarteng MP
          </div>
        </li>
        <li
          className="stack__item"
        >
          <div>
            Stephen McPartland MP
          </div>
        </li>
        <li
          className="stack__item"
        >
          <div>
            Rt Hon Lindsay Hoyle MP
          </div>
        </li>
        <li
          className="stack__item"
        >
          <div>
            John Howell MP
          </div>
        </li>
        <li
          className="stack__item"
        >
          <div>
            Jon Trickett MP
          </div>
        </li>
        <li
          className="stack__item"
        >
          <div>
            Stephen Kinnock MP
          </div>
        </li>
        <li
          className="stack__item"
        >
          <div>
            Mr Robert Goodwill MP
          </div>
        </li>
        <li
          className="stack__item"
        >
          <div>
            Alison Thewliss MP
          </div>
        </li>
        <li
          className="stack__item"
        >
          <div>
            Rt Hon Dominic Grieve QC MP
          </div>
        </li>
        <li
          className="stack__item"
        >
          <div>
            Sir David Crausby MP
          </div>
        </li>
        <li
          className="stack__item"
        >
          <div>
            Mr Tanmanjeet Singh Dhesi MP
          </div>
        </li>
        <li
          className="stack__item"
        >
          <div>
            Chloe Smith MP
          </div>
        </li>
        <li
          className="stack__item"
        >
          <div>
            Liz Kendall MP
          </div>
        </li>
        <li
          className="stack__item"
        >
          <div>
            Nick Thomas-Symonds MP
          </div>
        </li>
        <li
          className="stack__item"
        >
          <div>
            Yasmin Qureshi MP
          </div>
        </li>
        <li
          className="stack__item"
        >
          <div>
            James Duddridge MP
          </div>
        </li>
        <li
          className="stack__item"
        >
          <div>
            Gareth Snell MP
          </div>
        </li>
        <li
          className="stack__item"
        >
          <div>
            Eleanor Smith MP
          </div>
        </li>
        <li
          className="stack__item"
        >
          <div>
            Andrew Lewer MP
          </div>
        </li>
        <li
          className="stack__item"
        >
          <div>
            Rt Hon Ian Blackford MP
          </div>
        </li>
        <li
          className="stack__item"
        >
          <div>
            Rt Hon Caroline Flint MP
          </div>
        </li>
        <li
          className="stack__item"
        >
          <div>
            Pete Wishart MP
          </div>
        </li>
        <li
          className="stack__item"
        >
          <div>
            Chris Ruane MP
          </div>
        </li>
        <li
          className="stack__item"
        >
          <div>
            Graham Stuart MP
          </div>
        </li>
        <li
          className="stack__item"
        >
          <div>
            Margot James MP
          </div>
        </li>
        <li
          className="stack__item"
        >
          <div>
            Julie Elliott MP
          </div>
        </li>
        <li
          className="stack__item"
        >
          <div>
            Shabana Mahmood MP
          </div>
        </li>
        <li
          className="stack__item"
        >
          <div>
            Afzal Khan MP
          </div>
        </li>
        <li
          className="stack__item"
        >
          <div>
            Dawn Butler MP
          </div>
        </li>
        <li
          className="stack__item"
        >
          <div>
            Scott Mann MP
          </div>
        </li>
        <li
          className="stack__item"
        >
          <div>
            Bill Grant MP
          </div>
        </li>
        <li
          className="stack__item"
        >
          <div>
            Rt Hon Sir Greg Knight MP
          </div>
        </li>
        <li
          className="stack__item"
        >
          <div>
            Damian Collins MP
          </div>
        </li>
        <li
          className="stack__item"
        >
          <div>
            Darren Jones MP
          </div>
        </li>
        <li
          className="stack__item"
        >
          <div>
            Clive Lewis MP
          </div>
        </li>
        <li
          className="stack__item"
        >
          <div>
            Joanna Cherry QC MP
          </div>
        </li>
        <li
          className="stack__item"
        >
          <div>
            Jonathan Reynolds MP
          </div>
        </li>
        <li
          className="stack__item"
        >
          <div>
            Mr Khalid Mahmood MP
          </div>
        </li>
        <li
          className="stack__item"
        >
          <div>
            Maria Eagle MP
          </div>
        </li>
        <li
          className="stack__item"
        >
          <div>
            Rt Hon David Jones MP
          </div>
        </li>
        <li
          className="stack__item"
        >
          <div>
            Dr Thérèse Coffey MP
          </div>
        </li>
        <li
          className="stack__item"
        >
          <div>
            Mrs Anne Main MP
          </div>
        </li>
        <li
          className="stack__item"
        >
          <div>
            Mr Laurence Robertson MP
          </div>
        </li>
        <li
          className="stack__item"
        >
          <div>
            Rt Hon Jeremy Hunt MP
          </div>
        </li>
        <li
          className="stack__item"
        >
          <div>
            Nick Smith MP
          </div>
        </li>
        <li
          className="stack__item"
        >
          <div>
            Mr Robin Walker MP
          </div>
        </li>
        <li
          className="stack__item"
        >
          <div>
            Andrew Stephenson MP
          </div>
        </li>
        <li
          className="stack__item"
        >
          <div>
            Tommy Sheppard MP
          </div>
        </li>
        <li
          className="stack__item"
        >
          <div>
            Rt Hon David Lammy MP
          </div>
        </li>
        <li
          className="stack__item"
        >
          <div>
            Thelma Walker MP
          </div>
        </li>
        <li
          className="stack__item"
        >
          <div>
            Anna Turley MP
          </div>
        </li>
        <li
          className="stack__item"
        >
          <div>
            Hannah Bardell MP
          </div>
        </li>
        <li
          className="stack__item"
        >
          <div>
            Ian Paisley MP
          </div>
        </li>
        <li
          className="stack__item"
        >
          <div>
            Matt Warman MP
          </div>
        </li>
        <li
          className="stack__item"
        >
          <div>
            Marsha De Cordova MP
          </div>
        </li>
        <li
          className="stack__item"
        >
          <div>
            Ian Austin MP
          </div>
        </li>
        <li
          className="stack__item"
        >
          <div>
            Stewart Malcolm McDonald MP
          </div>
        </li>
        <li
          className="stack__item"
        >
          <div>
            Kate Osamor MP
          </div>
        </li>
        <li
          className="stack__item"
        >
          <div>
            Rt Hon Keith Vaz MP
          </div>
        </li>
        <li
          className="stack__item"
        >
          <div>
            Tom Pursglove MP
          </div>
        </li>
        <li
          className="stack__item"
        >
          <div>
            Rt Hon John Hayes MP
          </div>
        </li>
        <li
          className="stack__item"
        >
          <div>
            Teresa Pearce MP
          </div>
        </li>
        <li
          className="stack__item"
        >
          <div>
            Richard Harrington MP
          </div>
        </li>
        <li
          className="stack__item"
        >
          <div>
            Richard Graham MP
          </div>
        </li>
        <li
          className="stack__item"
        >
          <div>
            Rt Hon Alun Cairns MP
          </div>
        </li>
        <li
          className="stack__item"
        >
          <div>
            Antoinette Sandbach MP
          </div>
        </li>
        <li
          className="stack__item"
        >
          <div>
            Paul Girvan MP
          </div>
        </li>
        <li
          className="stack__item"
        >
          <div>
            Mr Jonathan Djanogly MP
          </div>
        </li>
        <li
          className="stack__item"
        >
          <div>
            Dominic Raab MP
          </div>
        </li>
        <li
          className="stack__item"
        >
          <div>
            Paul Flynn MP
          </div>
        </li>
      </ul>
    </div>
    <div
      className="controls"
    >
      <button
        className="button button--sonar button--reject"
        data-stack="stack_krisna"
      >
        <i
          className="fa fa-times"
        />
        <span
          className="text-hidden"
        >
          Reject
        </span>
      </button>
      <button
        className="button button--sonar button--accept"
        data-stack="stack_krisna"
      >
        <i
          className="fa fa-check"
        />
        <span
          className="text-hidden"
        >
          Accept
        </span>
      </button>
    </div>
  </div>
</div>
`;
