// Jest Snapshot v1, https://goo.gl/fbAQLP

exports[`MPCard tests MPCard is rendered as expected 1`] = `
<div
  className="ui blue card card-overrides"
>
  <div
    className="image image-container"
  >
    <img
      alt="Dr Dan Poulter MP"
      className="mp-image"
      onError={[Function]}
      onLoad={[Function]}
      src="https://res.cloudinary.com/globalroo/image/twitter_name/w_300/drdanpoulter.jpeg"
      style={
        Object {
          "opacity": 0,
        }
      }
    />
  </div>
  <div
    className="content"
  >
    <div
      className="header"
    >
      Dr Dan Poulter MP
    </div>
    <div
      className="meta"
    >
      Central Suffolk and North Ipswich
    </div>
    <div
      className="description"
    >
      Parliamentary Under-Secretary (Department of Health)
    </div>
  </div>
  <div
    className="extra-content content"
  >
    <div
      className="extra-content-cell mp-start-date"
    >
      <i
        className="calendar icon"
      />
      May 2010
    </div>
    <div
      className="extra-content-cell mp-party-name"
    >
      <i
        className="id badge icon"
      />
      Conservative
    </div>
  </div>
</div>
`;
